C51 COMPILER V9.01   MAIN                                                                  05/20/2022 15:05:47 PAGE 1   


C51 COMPILER V9.01, COMPILATION OF MODULE MAIN
OBJECT MODULE PLACED IN main.OBJ
COMPILER INVOKED BY: D:\YZ\KEILC51\C51\BIN\C51.EXE main.c BROWSE DEBUG OBJECTEXTEND

line level    source

   1          /**************************************************************************************
   2          深圳市普中科技有限公司（PRECHIN 普中）
   3          技术支持：www.prechin.net
   4          
   5          实验名称：IO扩展(串转并)实验-74HC595
   6          接线说明：      
   7          实验现象：下载程序后，16*16LED点阵以一行循环滚动显示
   8          注意事项：                                                                                                                                                                
   9          ***************************************************************************************/
  10          #include "reg51.h"
  11          
  12          typedef unsigned int u16;       //对系统默认数据类型进行重定义
  13          typedef unsigned char u8;
  14          
  15          //定义74HC595控制管脚
  16          sbit SRCLK=P3^6;        //移位寄存器时钟输入
  17          sbit RCLK=P3^5;         //存储寄存器时钟输入
  18          sbit SER=P3^4;          //串行数据输入
  19          
  20          
  21          u8 ghc595_buf[8]={0x01,0x02,0x04,0x08,0x10,0x20,0x40,0x80};
  22          
  23          /*******************************************************************************
  24          * 函 数 名       : delay_10us
  25          * 函数功能               : 延时函数，ten_us=1时，大约延时10us
  26          * 输    入       : ten_us
  27          * 输    出       : 无
  28          *******************************************************************************/
  29          void delay_10us(u16 ten_us)
  30          {
  31   1              while(ten_us--);        
  32   1      }
  33          
  34          /*******************************************************************************
  35          * 函 数 名       : delay_ms
  36          * 函数功能               : ms延时函数，ms=1时，大约延时1ms
  37          * 输    入       : ten_us
  38          * 输    出       : 无
  39          *******************************************************************************/
  40          void delay_ms(u16 ms)
  41          {
  42   1              u16 i,j;
  43   1              for(i=ms;i>0;i--)
  44   1                      for(j=110;j>0;j--);
  45   1      }
  46          
  47          /*******************************************************************************
  48          * 函 数 名         : hc595_write_data(u8 dat)
  49          * 函数功能                 : 向74HC595写入4个字节的数据
  50          * 输    入         : dat1：对应74HC595(A)输出第1行-第8行
  51                                                   dat2：对应74HC595(B)输出第9行-第16行
  52                                                   dat3：对应74HC595(C)输出第1列-第8列
  53                                                   dat4：对应74HC595(D)输出第9列-第16列
  54          * 输    出         : 无
  55          *******************************************************************************/
C51 COMPILER V9.01   MAIN                                                                  05/20/2022 15:05:47 PAGE 2   

  56          void hc595_write_data(u8 dat1,u8 dat2,u8 dat3,u8 dat4)
  57          {
  58   1              u8 i=0;
  59   1              
  60   1              for(i=0;i<8;i++)//循环8次即可将一个字节写入寄存器中
  61   1              {
  62   2                      SER=dat4>>7;//优先传输一个字节中的高位
  63   2                      dat4<<=1;//将低位移动到高位
  64   2                      SRCLK=0;
  65   2                      delay_10us(1);
  66   2                      SRCLK=1;
  67   2                      delay_10us(1);//移位寄存器时钟上升沿将端口数据送入寄存器中      
  68   2              }
  69   1              
  70   1              for(i=0;i<8;i++)
  71   1              {
  72   2                      SER=dat3>>7;
  73   2                      dat3<<=1;
  74   2                      SRCLK=0;
  75   2                      delay_10us(1);
  76   2                      SRCLK=1;
  77   2                      delay_10us(1);  
  78   2              }
  79   1      
  80   1              for(i=0;i<8;i++)
  81   1              {
  82   2                      SER=dat2>>7;
  83   2                      dat2<<=1;
  84   2                      SRCLK=0;
  85   2                      delay_10us(1);
  86   2                      SRCLK=1;
  87   2                      delay_10us(1);  
  88   2              }
  89   1      
  90   1              for(i=0;i<8;i++)
  91   1              {
  92   2                      SER=dat1>>7;
  93   2                      dat1<<=1;
  94   2                      SRCLK=0;
  95   2                      delay_10us(1);
  96   2                      SRCLK=1;
  97   2                      delay_10us(1);  
  98   2              }
  99   1      
 100   1              RCLK=1;
 101   1              delay_10us(1);
 102   1              RCLK=0;//存储寄存器时钟上升沿将前面写入到寄存器的数据输出       
 103   1      }
 104          
 105          
 106          /*******************************************************************************
 107          * 函 数 名       : main
 108          * 函数功能               : 主函数
 109          * 输    入       : 无
 110          * 输    出       : 无
 111          *******************************************************************************/
 112          void main()
 113          {       
 114   1              u8 i=0;
 115   1      
 116   1              while(1)
 117   1              {               
C51 COMPILER V9.01   MAIN                                                                  05/20/2022 15:05:47 PAGE 3   

 118   2                      for(i=0;i<8;i++)
 119   2                      {       
 120   3                              hc595_write_data(ghc595_buf[i],0,0,0);//使74HC595(A)输出
 121   3                              delay_ms(500);//延时500ms       
 122   3                      }
 123   2                      for(i=0;i<8;i++)
 124   2                      {       
 125   3                              hc595_write_data(0,ghc595_buf[i],0,0);//使74HC595(B)输出
 126   3                              delay_ms(500);//延时500ms       
 127   3                      }                                                                       
 128   2              }               
 129   1      }


MODULE INFORMATION:   STATIC OVERLAYABLE
   CODE SIZE        =    238    ----
   CONSTANT SIZE    =   ----    ----
   XDATA SIZE       =   ----    ----
   PDATA SIZE       =   ----    ----
   DATA SIZE        =      8       5
   IDATA SIZE       =   ----    ----
   BIT SIZE         =   ----    ----
END OF MODULE INFORMATION.


C51 COMPILATION COMPLETE.  0 WARNING(S),  0 ERROR(S)
