BL51 BANKED LINKER/LOCATER V6.22                                                        12/23/2021  11:15:20  PAGE 1


BL51 BANKED LINKER/LOCATER V6.22, INVOKED BY:
D:\YZ\KEILC51\C51\BIN\BL51.EXE .\Output\main.obj, .\Output\public.obj, .\Output\uart.obj, .\Output\ds18b20.obj, .\Output
>> \tftlcd.obj, .\Output\touch.obj, .\Output\gui.obj TO .\Output\template PRINT (.\template.m51) RAMSIZE (256)


MEMORY MODEL: LARGE WITH FLOATING POINT ARITHMETIC


INPUT MODULES INCLUDED:
  .\Output\main.obj (MAIN)
  .\Output\public.obj (PUBLIC)
  .\Output\uart.obj (UART)
  .\Output\ds18b20.obj (DS18B20)
  .\Output\tftlcd.obj (TFTLCD)
  .\Output\touch.obj (TOUCH)
  .\Output\gui.obj (GUI)
  D:\YZ\KEILC51\C51\LIB\C51FPL.LIB (?C?FPMUL)
  D:\YZ\KEILC51\C51\LIB\C51FPL.LIB (?C?FPCMP)
  D:\YZ\KEILC51\C51\LIB\C51FPL.LIB (?C?FCAST)
  D:\YZ\KEILC51\C51\LIB\C51FPL.LIB (?C?CASTF)
  D:\YZ\KEILC51\C51\LIB\C51FPL.LIB (PRINTF)
  D:\YZ\KEILC51\C51\LIB\C51FPL.LIB (?C?FPGETOPN)
  D:\YZ\KEILC51\C51\LIB\C51FPL.LIB (?C?FPROUND)
  D:\YZ\KEILC51\C51\LIB\C51FPL.LIB (?C?FPCONVERT)
  D:\YZ\KEILC51\C51\LIB\C51FPL.LIB (?C?FPADD)
  D:\YZ\KEILC51\C51\LIB\C51FPL.LIB (?C?FPDIV)
  D:\YZ\KEILC51\C51\LIB\C51FPL.LIB (?C?FTNPWR)
  D:\YZ\KEILC51\C51\LIB\C51L.LIB (?C_STARTUP)
  D:\YZ\KEILC51\C51\LIB\C51L.LIB (?C?CLDPTR)
  D:\YZ\KEILC51\C51\LIB\C51L.LIB (?C?CLDOPTR)
  D:\YZ\KEILC51\C51\LIB\C51L.LIB (?C?CSTPTR)
  D:\YZ\KEILC51\C51\LIB\C51L.LIB (?C?CSTOPTR)
  D:\YZ\KEILC51\C51\LIB\C51L.LIB (?C?IMUL)
  D:\YZ\KEILC51\C51\LIB\C51L.LIB (?C?UIDIV)
  D:\YZ\KEILC51\C51\LIB\C51L.LIB (?C?SIDIV)
  D:\YZ\KEILC51\C51\LIB\C51L.LIB (?C?IILDX)
  D:\YZ\KEILC51\C51\LIB\C51L.LIB (?C?ILDIX)
  D:\YZ\KEILC51\C51\LIB\C51L.LIB (?C?ILDOPTR)
  D:\YZ\KEILC51\C51\LIB\C51L.LIB (?C?ISTOPTR)
  D:\YZ\KEILC51\C51\LIB\C51L.LIB (?C?LMUL)
  D:\YZ\KEILC51\C51\LIB\C51L.LIB (?C?ULDIV)
  D:\YZ\KEILC51\C51\LIB\C51L.LIB (?C?SLDIV)
  D:\YZ\KEILC51\C51\LIB\C51L.LIB (?C?LNEG)
  D:\YZ\KEILC51\C51\LIB\C51L.LIB (?C?SLCMP)
  D:\YZ\KEILC51\C51\LIB\C51L.LIB (?C?ULCMP)
  D:\YZ\KEILC51\C51\LIB\C51L.LIB (?C?ULSHR)
  D:\YZ\KEILC51\C51\LIB\C51L.LIB (?C?LSTXDATA)
  D:\YZ\KEILC51\C51\LIB\C51L.LIB (?C?LSTKXDATA)
  D:\YZ\KEILC51\C51\LIB\C51L.LIB (?C?PLDIXDATA)
  D:\YZ\KEILC51\C51\LIB\C51L.LIB (?C?PSTXDATA)
  D:\YZ\KEILC51\C51\LIB\C51L.LIB (?C?CCASE)
  D:\YZ\KEILC51\C51\LIB\C51L.LIB (?C?LIMUL)
  D:\YZ\KEILC51\C51\LIB\C51L.LIB (PUTCHAR)
  D:\YZ\KEILC51\C51\LIB\C51L.LIB (STRLEN)
  D:\YZ\KEILC51\C51\LIB\C51L.LIB (?C_INIT)


LINK MAP OF MODULE:  .\Output\template (MAIN)
BL51 BANKED LINKER/LOCATER V6.22                                                      12/23/2021  11:15:20  PAGE 2




            TYPE    BASE      LENGTH    RELOCATION   SEGMENT NAME
            -----------------------------------------------------

            * * * * * * *   D A T A   M E M O R Y   * * * * * * *
            REG     0000H     0008H     ABSOLUTE     "REG BANK 0"
            DATA    0008H     0005H     UNIT         _DATA_GROUP_
                    000DH     0013H                  *** GAP ***
            BIT     0020H.0   0001H.1   UNIT         _BIT_GROUP_
                    0021H.1   0000H.7                *** GAP ***
            IDATA   0022H     0001H     UNIT         ?STACK

            * * * * * * *  X D A T A   M E M O R Y  * * * * * * *
            XDATA   0000H     007AH     UNIT         _XDATA_GROUP_
            XDATA   007AH     0034H     UNIT         ?XD?UART
            XDATA   00AEH     0024H     UNIT         ?XD?_GUI_DRAW_ELLIPSE?GUI
            XDATA   00D2H     0022H     UNIT         ?XD?_GUI_FILL_ELLIPSE?GUI
            XDATA   00F4H     001FH     UNIT         ?XD?_GUI_DRAW_BLINE?GUI
            XDATA   0113H     001EH     UNIT         ?XD?_LCD_DRAWLINE_COLOR?TFTLCD
            XDATA   0131H     001EH     UNIT         ?XD?_GUI_DRAW_LINE?GUI
            XDATA   014FH     001EH     UNIT         ?XD?_GUI_SMOOTH_COLOR?GUI
            XDATA   016DH     001CH     UNIT         ?XD?_LCD_DRAWLINE?TFTLCD
            XDATA   0189H     001AH     UNIT         ?XD?_TOUCH_XPT_READDATA?TOUCH
            XDATA   01A3H     0019H     UNIT         ?XD?_GUI_DRAW_ARC?GUI
            XDATA   01BCH     0018H     UNIT         ?XD?_GUI_FILL_CIRCLE?GUI
            XDATA   01D4H     0017H     UNIT         ?XD?_GUI_DRAW_SMOOTH_RECTANGLE?GUI
            XDATA   01EBH     0017H     UNIT         ?XD?_GUI_SHOW_STRINGEX?GUI
            XDATA   0202H     0016H     UNIT         ?XD?_GUI_SHOW_STRING?GUI
            XDATA   0218H     0015H     UNIT         ?XD?_LCD_SHOWPICTURE?TFTLCD
            XDATA   022DH     0014H     UNIT         ?XD?MAIN
            XDATA   0241H     0013H     UNIT         ?XD?_LCD_COLOR_FILL?TFTLCD
            XDATA   0254H     0012H     UNIT         ?XD?_GUI_DRAW_CIRCLE8?GUI
            XDATA   0266H     0012H     UNIT         ?XD?_GUI_SHOW_PTSTRWHITERIM?GUI
            XDATA   0278H     0011H     UNIT         ?XD?_GUI_ALPHABLEND_AREA?GUI
            XDATA   0289H     0010H     UNIT         ?XD?_GUI_DRAW_ARCRECTANGLE?GUI
            XDATA   0299H     0010H     UNIT         ?XD?_GUI_DRAW_EXPOINT?GUI
            XDATA   02A9H     0010H     UNIT         ?XD?_GUI_SHOW_NUM?GUI
            XDATA   02B9H     000EH     UNIT         ?XD?_EDIT_SHOWNUM?MAIN
            XDATA   02C7H     000EH     UNIT         ?XD?_LCD_SHOWXNUM?TFTLCD
            XDATA   02D5H     000EH     UNIT         ?XD?_GUI_FILL_COLORBLOCK?GUI
            XDATA   02E3H     000DH     UNIT         ?XD?_LCD_SHOWNUM?TFTLCD
            XDATA   02F0H     000DH     UNIT         ?XD?TOUCH
            XDATA   02FDH     000DH     UNIT         ?XD?_GUI_ALPHA_BLEND565?GUI
            XDATA   030AH     000CH     UNIT         ?XD?_GUI_GET_STRINGLINE?GUI
            XDATA   0316H     000BH     UNIT         ?XD?TFTLCD
            XDATA   0321H     000AH     UNIT         ?XD?_LCD_READPOINT?TFTLCD
            XDATA   032BH     000AH     UNIT         ?XD?_LCD_DRAW_CIRCLE?TFTLCD
            XDATA   0335H     000AH     UNIT         ?XD?_LCD_SHOWFONTHZ?TFTLCD
            XDATA   033FH     000AH     UNIT         ?XD?TOUCH_XPT_READXY?TOUCH
            XDATA   0349H     000AH     UNIT         ?XD?_GUI_DRAW_RECTANGLE?GUI
            XDATA   0353H     0009H     UNIT         ?XD?_GUI_NUM2STR?GUI
            XDATA   035CH     0008H     UNIT         ?XD?_LCD_DRAWRECTANGLE?TFTLCD
            XDATA   0364H     0008H     UNIT         ?XD?_GUI_COLOR_CHG?GUI
            XDATA   036CH     0008H     UNIT         ?XD?_GUI_DISABS?GUI
            XDATA   0374H     0006H     UNIT         ?XD?_LCD_DRAWBIGPOINT?TFTLCD
            XDATA   037AH     0006H     UNIT         ?XD?_LCD_DROWSIGN?TFTLCD
BL51 BANKED LINKER/LOCATER V6.22                                                      12/23/2021  11:15:20  PAGE 3


            XDATA   0380H     0006H     UNIT         ?XD?_LCD_POW?TFTLCD
            XDATA   0386H     0006H     UNIT         ?XD?_GUI_POW?GUI
            XDATA   038CH     0005H     UNIT         ?XD?TOUCH_SCAN?TOUCH
            XDATA   0391H     0004H     UNIT         ?XD?_GUI_DRAW_POINT?GUI
            XDATA   0395H     0003H     UNIT         ?XD?_UART_SENDSTRING?UART
            XDATA   0398H     0002H     UNIT         ?XD?TOUCH_SPI_READ?TOUCH

            * * * * * * *   C O D E   M E M O R Y   * * * * * * *
            CODE    0000H     0003H     ABSOLUTE     
            CODE    0003H     001FH     UNIT         ?PR?_DELAY?TFTLCD
                    0022H     0001H                  *** GAP ***
            CODE    0023H     0003H     ABSOLUTE     
            CODE    0026H     1BF3H     UNIT         ?CO?TFTLCD
            CODE    1C19H     0939H     UNIT         ?C?LIB_CODE
            CODE    2552H     06B3H     UNIT         ?PR?_GUI_DRAW_ARCRECTANGLE?GUI
            CODE    2C05H     0483H     UNIT         ?PR?PRINTF?PRINTF
            CODE    3088H     0404H     UNIT         ?PR?_GUI_DRAW_ELLIPSE?GUI
            CODE    348CH     03CAH     UNIT         ?PR?_GUI_DRAW_BLINE1?GUI
            CODE    3856H     03A0H     UNIT         ?PR?_GUI_FILL_CIRCLE?GUI
            CODE    3BF6H     0313H     UNIT         ?PR?_GRAPH_CREATE?MAIN
            CODE    3F09H     0272H     UNIT         ?PR?TEMPERTURECONTROLSYSTEM_TEST?MAIN
            CODE    417BH     0271H     UNIT         ?PR?_GUI_DRAW_CIRCLE8?GUI
            CODE    43ECH     026CH     UNIT         ?PR?_GUI_DRAW_BLINE?GUI
            CODE    4658H     025CH     UNIT         ?PR?_GUI_FILL_ELLIPSE?GUI
            CODE    48B4H     0253H     UNIT         ?PR?_GUI_SHOW_PTCHAR?GUI
            CODE    4B07H     0246H     UNIT         ?PR?_GUI_SHOW_PTSTR?GUI
            CODE    4D4DH     0226H     UNIT         ?PR?_GUI_SHOW_STRING?GUI
            CODE    4F73H     021CH     UNIT         ?PR?_GUI_SHOW_STRINGEX?GUI
            CODE    518FH     0202H     UNIT         ?PR?_EDIT_CREATE?MAIN
            CODE    5391H     01FDH     UNIT         ?PR?TFTLCD_INIT?TFTLCD
            CODE    558EH     01F3H     UNIT         ?PR?_GUI_DRAW_LINE?GUI
            CODE    5781H     01EFH     UNIT         ?PR?_LCD_DRAWLINE?TFTLCD
            CODE    5970H     01EDH     UNIT         ?PR?_LCD_DRAWLINE_COLOR?TFTLCD
            CODE    5B5DH     01E9H     UNIT         ?PR?_GUI_SMOOTH_COLOR?GUI
            CODE    5D46H     01D8H     UNIT         ?PR?_LCD_DRAW_CIRCLE?TFTLCD
            CODE    5F1EH     01D7H     UNIT         ?PR?_GUI_DRAW_ARC?GUI
            CODE    60F5H     01C3H     UNIT         ?PR?_GUI_SHOW_NUM?GUI
            CODE    62B8H     0187H     UNIT         ?PR?_TOUCH_XPT_READDATA?TOUCH
            CODE    643FH     017CH     UNIT         ?PR?_GUI_GET_STRINGLINE?GUI
            CODE    65BBH     0178H     UNIT         ?PR?_LCD_SHOWCHAR?TFTLCD
            CODE    6733H     0162H     UNIT         ?PR?TOUCH_SCAN?TOUCH
            CODE    6895H     014CH     UNIT         ?PR?_GUI_SHOW_STRMIDEX?GUI
            CODE    69E1H     0148H     UNIT         ?PR?_GUI_SHOW_STRMID?GUI
            CODE    6B29H     0147H     UNIT         ?PR?_GUI_FILL_COLORBLOCK?GUI
            CODE    6C70H     012DH     UNIT         ?PR?_LCD_SHOWPICTURE?TFTLCD
            CODE    6D9DH     012BH     UNIT         ?PR?_LCD_SHOWFONTHZ?TFTLCD
            CODE    6EC8H     0129H     UNIT         ?PR?_LCD_SHOWXNUM?TFTLCD
            CODE    6FF1H     0114H     UNIT         ?PR?TOUCH_XPT_READXY?TOUCH
            CODE    7105H     0111H     UNIT         ?PR?_REDRAW_VALIDAREAGIRD?MAIN
            CODE    7216H     010CH     UNIT         ?PR?_GUI_DRAW_SMOOTH_RECTANGLE?GUI
            CODE    7322H     00FAH     UNIT         ?PR?_GRAPH_ADDVALUE?MAIN
            CODE    741CH     00F8H     UNIT         ?PR?_LCD_COLOR_FILL?TFTLCD
            CODE    7514H     00F7H     UNIT         ?PR?_GUI_ALPHABLEND_AREA?GUI
            CODE    760BH     00F4H     UNIT         ?PR?_GUI_DRAW_BIGPOINT?GUI
            CODE    76FFH     00EDH     UNIT         ?PR?_GUI_ALPHA_BLEND565?GUI
            CODE    77ECH     00E5H     UNIT         ?PR?_LCD_SHOWSTRING?TFTLCD
            CODE    78D1H     00DCH     UNIT         ?PR?_LCD_SHOWNUM?TFTLCD
BL51 BANKED LINKER/LOCATER V6.22                                                      12/23/2021  11:15:20  PAGE 4


            CODE    79ADH     00D8H     UNIT         ?PR?_LCD_DROWSIGN?TFTLCD
            CODE    7A85H     00D2H     UNIT         ?PR?_GUI_SHOW_PTSTRWHITERIM?GUI
            CODE    7B57H     00D0H     UNIT         ?PR?_LCD_FILL?TFTLCD
            CODE    7C27H     00C8H     UNIT         ?PR?_GUI_DRAW_RECTANGLE?GUI
            CODE    7CEFH     00C7H     UNIT         ?PR?_GUI_NUM2STREX?GUI
            CODE    7DB6H     00C1H     UNIT         ?PR?_GUI_DRAW_EXPOINT?GUI
            CODE    7E77H     00AFH     UNIT         ?PR?_LCD_SET_WINDOW?TFTLCD
            CODE    7F26H     00ABH     UNIT         ?PR?MAIN?MAIN
            CODE    7FD1H     00AAH     UNIT         ?PR?_LCD_DRAWRECTANGLE?TFTLCD
            CODE    807BH     00AAH     UNIT         ?PR?_GUI_NUM2STR?GUI
            CODE    8125H     0096H     UNIT         ?PR?_GUI_DRAW_VLINE?GUI
            CODE    81BBH     0090H     UNIT         ?PR?DS18B20_GETTEMPERTURE?DS18B20
            CODE    824BH     008EH     UNIT         ?PR?_EDIT_SHOWNUM?MAIN
            CODE    82D9H     008CH     UNIT         ?C_C51STARTUP
            CODE    8365H     008AH     UNIT         ?PR?_GUI_FILL_RECTANGLE?GUI
            CODE    83EFH     0087H     UNIT         ?PR?_GRAPH_ADDTEXT?MAIN
            CODE    8476H     0087H     UNIT         ?PR?_EDIT_SHOWSTRING?MAIN
            CODE    84FDH     0087H     UNIT         ?PR?UART_IRQN?UART
            CODE    8584H     0081H     UNIT         ?PR?_LCD_CLEAR?TFTLCD
            CODE    8605H     0080H     UNIT         ?PR?_GUI_COLOR_CHG?GUI
            CODE    8685H     007BH     UNIT         ?PR?_GUI_DRAW_HLINE?GUI
            CODE    8700H     0073H     UNIT         ?PR?_LCD_DRAWBIGPOINT?TFTLCD
            CODE    8773H     006BH     UNIT         ?PR?_GUI_DISABS?GUI
            CODE    87DEH     0065H     UNIT         ?CO?MAIN
            CODE    8843H     0065H     UNIT         ?PR?_LCD_READPOINT?TFTLCD
            CODE    88A8H     0055H     UNIT         ?PR?DS18B20_CHECK?DS18B20
            CODE    88FDH     0050H     UNIT         ?PR?_LCD_POW?TFTLCD
            CODE    894DH     004EH     UNIT         ?PR?_LCD_DISPLAY_DIR?TFTLCD
            CODE    899BH     0049H     UNIT         ?PR?_GUI_POW?GUI
            CODE    89E4H     0048H     UNIT         ?PR?_LCD_DRAWFRONT_COLOR?TFTLCD
            CODE    8A2CH     0044H     UNIT         ?C?LDIV
            CODE    8A70H     0040H     UNIT         ?PR?_LCD_DRAWPOINT?TFTLCD
            CODE    8AB0H     003CH     UNIT         ?PR?_GUI_RGB332TORGB565?GUI
            CODE    8AECH     003CH     UNIT         ?PR?_GUI_DRAW_POINT?GUI
            CODE    8B28H     003BH     UNIT         ?PR?TOUCH_SPI_READ?TOUCH
            CODE    8B63H     0033H     UNIT         ?C_INITSEG
            CODE    8B96H     0033H     UNIT         ?PR?_UART_SENDSTRING?UART
            CODE    8BC9H     0027H     UNIT         ?PR?PUTCHAR?PUTCHAR
            CODE    8BF0H     0024H     UNIT         ?PR?_LCD_WRITECMD?TFTLCD
            CODE    8C14H     0023H     UNIT         ?PR?DS18B20_READ_BYTE?DS18B20
            CODE    8C37H     001EH     UNIT         ?PR?_DELAY_MS?PUBLIC
            CODE    8C55H     001EH     UNIT         ?PR?_LCD_WRITEDATA_COLOR?TFTLCD
            CODE    8C73H     001DH     UNIT         ?PR?_LCD_WRITEDATA?TFTLCD
            CODE    8C90H     001DH     UNIT         ?PR?_TOUCH_SPI_WRITE?TOUCH
            CODE    8CADH     001CH     UNIT         ?PR?_DS18B20_WRITE_BYTE?DS18B20
            CODE    8CC9H     001AH     UNIT         ?PR?LCD_READDATA?TFTLCD
            CODE    8CE3H     0016H     UNIT         ?PR?UART_INIT?UART
            CODE    8CF9H     0015H     UNIT         ?PR?_STRLEN?STRLEN
            CODE    8D0EH     0014H     UNIT         ?PR?_LCD_WRITECMDDATA?TFTLCD
            CODE    8D22H     0012H     UNIT         ?PR?DS18B20_RESET?DS18B20
            CODE    8D34H     0010H     UNIT         ?PR?DS18B20_START?DS18B20
            CODE    8D44H     000EH     UNIT         ?PR?_DELAY_US?PUBLIC
            CODE    8D52H     000EH     UNIT         ?PR?_UART_SENDDATA?UART
            CODE    8D60H     000BH     UNIT         ?PR?_DELAY_10US?PUBLIC
            CODE    8D6BH     000BH     UNIT         ?PR?TOUCH_SPI_START?TOUCH
            CODE    8D76H     0007H     UNIT         ?PR?DS18B20_INIT?DS18B20
            CODE    8D7DH     0006H     UNIT         ?PR?_UART_CMD?UART
BL51 BANKED LINKER/LOCATER V6.22                                                      12/23/2021  11:15:20  PAGE 5





OVERLAY MAP OF MODULE:   .\Output\template (MAIN)


SEGMENT                                          BIT_GROUP          DATA_GROUP          XDATA_GROUP
  +--> CALLED SEGMENT                         START    LENGTH     START    LENGTH     START    LENGTH
-----------------------------------------------------------------------------------------------------
?C_C51STARTUP                                 -----    -----      -----    -----      -----    -----
  +--> ?PR?MAIN?MAIN
  +--> ?C_INITSEG

?PR?MAIN?MAIN                                 -----    -----      -----    -----      -----    -----
  +--> ?PR?UART_INIT?UART
  +--> ?PR?TFTLCD_INIT?TFTLCD
  +--> ?CO?MAIN
  +--> ?PR?DS18B20_INIT?DS18B20
  +--> ?PR?_LCD_SHOWSTRING?TFTLCD
  +--> ?PR?TEMPERTURECONTROLSYSTEM_TEST?MAIN

?PR?TFTLCD_INIT?TFTLCD                        -----    -----      -----    -----      0000H    0002H
  +--> ?PR?_DELAY_MS?PUBLIC
  +--> ?PR?_LCD_WRITECMD?TFTLCD
  +--> ?PR?LCD_READDATA?TFTLCD
  +--> ?CO?TFTLCD
  +--> ?PR?PRINTF?PRINTF
  +--> ?PR?_LCD_WRITEDATA?TFTLCD
  +--> ?PR?_LCD_DISPLAY_DIR?TFTLCD
  +--> ?PR?_LCD_CLEAR?TFTLCD

?PR?_LCD_WRITECMD?TFTLCD                      -----    -----      -----    -----      -----    -----
  +--> ?PR?_LCD_WRITEDATA?TFTLCD

?PR?PRINTF?PRINTF                             0020H.0  0001H.1    0008H    0005H      000FH    0030H
  +--> ?PR?PUTCHAR?PUTCHAR

?PR?_LCD_DISPLAY_DIR?TFTLCD                   -----    -----      -----    -----      -----    -----
  +--> ?PR?_LCD_WRITECMDDATA?TFTLCD

?PR?_LCD_WRITECMDDATA?TFTLCD                  -----    -----      -----    -----      -----    -----
  +--> ?PR?_LCD_WRITECMD?TFTLCD
  +--> ?PR?_LCD_WRITEDATA?TFTLCD

?PR?_LCD_CLEAR?TFTLCD                         -----    -----      -----    -----      0002H    0004H
  +--> ?PR?_LCD_SET_WINDOW?TFTLCD
  +--> ?PR?_LCD_WRITEDATA_COLOR?TFTLCD

?PR?_LCD_SET_WINDOW?TFTLCD                    -----    -----      -----    -----      0072H    0008H
  +--> ?PR?_LCD_WRITECMD?TFTLCD
  +--> ?PR?_LCD_WRITEDATA?TFTLCD

?PR?DS18B20_INIT?DS18B20                      -----    -----      -----    -----      -----    -----
  +--> ?PR?DS18B20_RESET?DS18B20
  +--> ?PR?DS18B20_CHECK?DS18B20

?PR?DS18B20_RESET?DS18B20                     -----    -----      -----    -----      -----    -----
BL51 BANKED LINKER/LOCATER V6.22                                                      12/23/2021  11:15:20  PAGE 6


  +--> ?PR?_DELAY_10US?PUBLIC

?PR?DS18B20_CHECK?DS18B20                     -----    -----      -----    -----      0015H    0001H
  +--> ?PR?_DELAY_US?PUBLIC

?PR?_LCD_SHOWSTRING?TFTLCD                    -----    -----      -----    -----      000FH    000DH
  +--> ?PR?_LCD_SHOWCHAR?TFTLCD

?PR?_LCD_SHOWCHAR?TFTLCD                      -----    -----      -----    -----      001CH    000CH
  +--> ?CO?TFTLCD
  +--> ?PR?_LCD_DRAWFRONT_COLOR?TFTLCD

?PR?_LCD_DRAWFRONT_COLOR?TFTLCD               -----    -----      -----    -----      006CH    0006H
  +--> ?PR?_LCD_SET_WINDOW?TFTLCD
  +--> ?PR?_LCD_WRITEDATA_COLOR?TFTLCD

?PR?TEMPERTURECONTROLSYSTEM_TEST?MAIN         -----    -----      -----    -----      0000H    000FH
  +--> ?PR?DS18B20_GETTEMPERTURE?DS18B20
  +--> ?CO?MAIN
  +--> ?PR?_LCD_SHOWSTRING?TFTLCD
  +--> ?PR?_EDIT_CREATE?MAIN
  +--> ?PR?_GRAPH_CREATE?MAIN
  +--> ?PR?_GRAPH_ADDTEXT?MAIN
  +--> ?PR?PRINTF?PRINTF
  +--> ?PR?_GRAPH_ADDVALUE?MAIN
  +--> ?PR?_EDIT_SHOWSTRING?MAIN
  +--> ?PR?_DELAY_MS?PUBLIC

?PR?DS18B20_GETTEMPERTURE?DS18B20             -----    -----      -----    -----      000FH    0006H
  +--> ?PR?DS18B20_START?DS18B20
  +--> ?PR?DS18B20_RESET?DS18B20
  +--> ?PR?DS18B20_CHECK?DS18B20
  +--> ?PR?_DS18B20_WRITE_BYTE?DS18B20
  +--> ?PR?DS18B20_READ_BYTE?DS18B20

?PR?DS18B20_START?DS18B20                     -----    -----      -----    -----      -----    -----
  +--> ?PR?DS18B20_RESET?DS18B20
  +--> ?PR?DS18B20_CHECK?DS18B20
  +--> ?PR?_DS18B20_WRITE_BYTE?DS18B20

?PR?_EDIT_CREATE?MAIN                         -----    -----      -----    -----      000FH    000AH
  +--> ?PR?_GUI_DRAW_VLINE?GUI
  +--> ?PR?_GUI_DRAW_HLINE?GUI
  +--> ?PR?_GUI_FILL_RECTANGLE?GUI

?PR?_GUI_DRAW_VLINE?GUI                       -----    -----      -----    -----      0026H    0008H
  +--> ?PR?_LCD_FILL?TFTLCD

?PR?_LCD_FILL?TFTLCD                          -----    -----      -----    -----      0030H    000CH
  +--> ?PR?_LCD_SET_WINDOW?TFTLCD
  +--> ?PR?_LCD_WRITEDATA_COLOR?TFTLCD

?PR?_GUI_DRAW_HLINE?GUI                       -----    -----      -----    -----      0026H    0008H
  +--> ?PR?_LCD_FILL?TFTLCD

?PR?_GUI_FILL_RECTANGLE?GUI                   -----    -----      -----    -----      0026H    000AH
  +--> ?PR?_LCD_FILL?TFTLCD
BL51 BANKED LINKER/LOCATER V6.22                                                      12/23/2021  11:15:20  PAGE 7



?PR?_GRAPH_CREATE?MAIN                        -----    -----      -----    -----      000FH    000DH
  +--> ?PR?_GUI_DRAW_VLINE?GUI
  +--> ?PR?_GUI_DRAW_HLINE?GUI
  +--> ?PR?_GUI_FILL_RECTANGLE?GUI

?PR?_GRAPH_ADDTEXT?MAIN                       -----    -----      -----    -----      000FH    000BH
  +--> ?PR?_GUI_NUM2STREX?GUI
  +--> ?PR?_GUI_SHOW_STRMID?GUI

?PR?_GUI_NUM2STREX?GUI                        -----    -----      -----    -----      001AH    000DH

?PR?_GUI_SHOW_STRMID?GUI                      -----    -----      -----    -----      001AH    0012H
  +--> ?PR?_STRLEN?STRLEN
  +--> ?PR?_GUI_SHOW_PTSTR?GUI

?PR?_GUI_SHOW_PTSTR?GUI                       -----    -----      -----    -----      0032H    0013H
  +--> ?PR?_GUI_SHOW_PTCHAR?GUI

?PR?_GUI_SHOW_PTCHAR?GUI                      -----    -----      -----    -----      0045H    0019H
  +--> ?CO?TFTLCD
  +--> ?PR?_GUI_DRAW_BIGPOINT?GUI
  +--> ?PR?_LCD_DRAWFRONT_COLOR?TFTLCD

?PR?_GUI_DRAW_BIGPOINT?GUI                    -----    -----      -----    -----      005EH    000EH
  +--> ?PR?_LCD_DRAWFRONT_COLOR?TFTLCD

?PR?_GRAPH_ADDVALUE?MAIN                      -----    -----      -----    -----      000FH    000AH
  +--> ?PR?_GUI_DRAW_BLINE1?GUI
  +--> ?PR?_REDRAW_VALIDAREAGIRD?MAIN

?PR?_GUI_DRAW_BLINE1?GUI                      -----    -----      -----    -----      0019H    001FH
  +--> ?PR?_LCD_DRAWFRONT_COLOR?TFTLCD

?PR?_REDRAW_VALIDAREAGIRD?MAIN                -----    -----      -----    -----      0019H    000DH
  +--> ?PR?_GUI_FILL_RECTANGLE?GUI
  +--> ?PR?_GUI_DRAW_VLINE?GUI
  +--> ?PR?_GUI_DRAW_HLINE?GUI

?PR?_EDIT_SHOWSTRING?MAIN                     -----    -----      -----    -----      000FH    0010H
  +--> ?PR?_GUI_SHOW_STRMIDEX?GUI

?PR?_GUI_SHOW_STRMIDEX?GUI                    -----    -----      -----    -----      001FH    0013H
  +--> ?PR?_STRLEN?STRLEN
  +--> ?PR?_GUI_SHOW_PTSTR?GUI



SYMBOL TABLE OF MODULE:  .\Output\template (MAIN)

  VALUE           TYPE          NAME
  ----------------------------------

  -------         MODULE        MAIN
  C:0000H         SYMBOL        _ICE_DUMMY_
  D:00A0H         PUBLIC        P2
  D:00B0H         PUBLIC        P3
BL51 BANKED LINKER/LOCATER V6.22                                                      12/23/2021  11:15:20  PAGE 8


  B:00B0H.6       PUBLIC        LED1
  C:8476H         PUBLIC        _Edit_ShowString
  C:83EFH         PUBLIC        _Graph_AddText
  D:00A8H         PUBLIC        IE
  D:00B8H         PUBLIC        IP
  C:7105H         PUBLIC        _ReDraw_ValidAreaGird
  D:00D8H         PUBLIC        CCON
  C:7F26H         PUBLIC        main
  C:3F09H         PUBLIC        TempertureControlSystem_Test
  C:3BF6H         PUBLIC        _Graph_Create
  D:0098H         PUBLIC        SCON
  D:0088H         PUBLIC        TCON
  C:824BH         PUBLIC        _Edit_ShowNum
  C:518FH         PUBLIC        _Edit_Create
  X:0235H         PUBLIC        text_value
  C:7322H         PUBLIC        _Graph_AddValue
  D:00D0H         PUBLIC        PSW
  -------         PROC          _GRAPH_CREATE
  X:000FH         SYMBOL        x0
  X:0011H         SYMBOL        y0
  X:0013H         SYMBOL        width
  X:0015H         SYMBOL        height
  X:0017H         SYMBOL        backcolor
  X:0019H         SYMBOL        frontcolor
  -------         DO            
  X:001BH         SYMBOL        i
  -------         ENDDO         
  C:3BF6H         LINE#         63
  C:3C0CH         LINE#         64
  C:3C0CH         LINE#         65
  C:3C11H         LINE#         67
  C:3C26H         LINE#         68
  C:3C47H         LINE#         69
  C:3C7EH         LINE#         70
  C:3CB5H         LINE#         71
  C:3CEAH         LINE#         72
  C:3D1FH         LINE#         73
  C:3D62H         LINE#         74
  C:3DA5H         LINE#         75
  C:3DFDH         LINE#         76
  C:3E55H         LINE#         78
  C:3E64H         LINE#         79
  C:3E64H         LINE#         80
  C:3EA7H         LINE#         81
  C:3EAFH         LINE#         82
  C:3EBEH         LINE#         83
  C:3EBEH         LINE#         84
  C:3F00H         LINE#         85
  C:3F08H         LINE#         86
  -------         ENDPROC       _GRAPH_CREATE
  -------         PROC          _REDRAW_VALIDAREAGIRD
  X:0019H         SYMBOL        x0
  X:001BH         SYMBOL        y0
  X:001DH         SYMBOL        width
  X:001FH         SYMBOL        height
  X:0021H         SYMBOL        backcolor
  X:0023H         SYMBOL        frontcolor
BL51 BANKED LINKER/LOCATER V6.22                                                      12/23/2021  11:15:20  PAGE 9


  -------         DO            
  X:0025H         SYMBOL        i
  -------         ENDDO         
  C:7105H         LINE#         88
  C:7119H         LINE#         89
  C:7119H         LINE#         90
  C:711EH         LINE#         92
  C:7162H         LINE#         94
  C:7171H         LINE#         95
  C:7171H         LINE#         96
  C:71B4H         LINE#         97
  C:71BCH         LINE#         98
  C:71CBH         LINE#         99
  C:71CBH         LINE#         100
  C:720DH         LINE#         101
  C:7215H         LINE#         102
  -------         ENDPROC       _REDRAW_VALIDAREAGIRD
  -------         PROC          _GRAPH_ADDTEXT
  X:000FH         SYMBOL        value
  -------         DO            
  X:0012H         SYMBOL        i
  X:0013H         SYMBOL        text_str
  -------         ENDDO         
  C:83EFH         LINE#         106
  C:83FAH         LINE#         107
  C:83FAH         LINE#         108
  C:83FDH         LINE#         111
  C:83FEH         LINE#         112
  C:83FEH         LINE#         113
  C:8428H         LINE#         114
  C:8469H         LINE#         115
  C:8475H         LINE#         116
  -------         ENDPROC       _GRAPH_ADDTEXT
  -------         PROC          _GRAPH_ADDVALUE
  X:000FH         SYMBOL        x0
  X:0011H         SYMBOL        y0
  X:0013H         SYMBOL        value
  X:0015H         SYMBOL        color
  X:0017H         SYMBOL        sampletime
  -------         DO            
  X:022DH         SYMBOL        xtemp
  X:022FH         SYMBOL        ytemp
  -------         ENDDO         
  C:7322H         LINE#         118
  C:7336H         LINE#         119
  C:7336H         LINE#         123
  C:738BH         LINE#         124
  C:73A5H         LINE#         125
  C:73C0H         LINE#         127
  C:73D7H         LINE#         128
  C:73D7H         LINE#         129
  C:73E0H         LINE#         130
  C:73F6H         LINE#         131
  C:741BH         LINE#         132
  C:741BH         LINE#         133
  -------         ENDPROC       _GRAPH_ADDVALUE
  -------         PROC          _EDIT_CREATE
BL51 BANKED LINKER/LOCATER V6.22                                                      12/23/2021  11:15:20  PAGE 10


  X:000FH         SYMBOL        x0
  X:0011H         SYMBOL        y0
  X:0013H         SYMBOL        width
  X:0015H         SYMBOL        height
  X:0017H         SYMBOL        backcolor
  C:518FH         LINE#         158
  C:51A5H         LINE#         159
  C:51A5H         LINE#         160
  C:51BAH         LINE#         161
  C:51DBH         LINE#         162
  C:5212H         LINE#         163
  C:5249H         LINE#         164
  C:527EH         LINE#         165
  C:52B3H         LINE#         166
  C:52F6H         LINE#         167
  C:5339H         LINE#         168
  -------         ENDPROC       _EDIT_CREATE
  -------         PROC          _EDIT_SHOWSTRING
  X:000FH         SYMBOL        x0
  D:0004H         SYMBOL        y0
  D:0002H         SYMBOL        width
  X:0015H         SYMBOL        height
  X:0017H         SYMBOL        backcolor
  X:0019H         SYMBOL        frontcolor
  X:001BH         SYMBOL        size
  X:001CH         SYMBOL        str
  -------         DO            
  X:0231H         SYMBOL        color_temp
  -------         ENDDO         
  C:8476H         LINE#         178
  C:847EH         LINE#         179
  C:847EH         LINE#         182
  C:848DH         LINE#         183
  C:849CH         LINE#         184
  C:84EDH         LINE#         185
  C:84FCH         LINE#         186
  -------         ENDPROC       _EDIT_SHOWSTRING
  -------         PROC          _EDIT_SHOWNUM
  X:02B9H         SYMBOL        x0
  D:0004H         SYMBOL        y0
  D:0003H         SYMBOL        len
  X:02BEH         SYMBOL        backcolor
  X:02C0H         SYMBOL        frontcolor
  X:02C2H         SYMBOL        size
  X:02C3H         SYMBOL        num
  -------         DO            
  X:0233H         SYMBOL        color_temp
  -------         ENDDO         
  C:824BH         LINE#         195
  C:8253H         LINE#         196
  C:8253H         LINE#         199
  C:8262H         LINE#         200
  C:8271H         LINE#         201
  C:82C9H         LINE#         202
  C:82D8H         LINE#         203
  -------         ENDPROC       _EDIT_SHOWNUM
  -------         PROC          TEMPERTURECONTROLSYSTEM_TEST
BL51 BANKED LINKER/LOCATER V6.22                                                      12/23/2021  11:15:20  PAGE 11


  -------         DO            
  X:0000H         SYMBOL        i
  X:0001H         SYMBOL        temper
  X:0005H         SYMBOL        value
  X:0007H         SYMBOL        buf
  X:000DH         SYMBOL        samptime
  D:0002H         SYMBOL        textvalue
  -------         ENDDO         
  C:3F09H         LINE#         207
  C:3F09H         LINE#         208
  C:3F09H         LINE#         209
  C:3F0EH         LINE#         211
  C:3F14H         LINE#         213
  C:3F1AH         LINE#         216
  C:3F1DH         LINE#         218
  C:3F27H         LINE#         219
  C:3F59H         LINE#         220
  C:3F8BH         LINE#         221
  C:3FA9H         LINE#         223
  C:3FCEH         LINE#         224
  C:3FD7H         LINE#         226
  C:3FD7H         LINE#         227
  C:3FD7H         LINE#         228
  C:3FDDH         LINE#         229
  C:3FE9H         LINE#         230
  C:3FE9H         LINE#         231
  C:3FEBH         LINE#         232
  C:3FF9H         LINE#         233
  C:4002H         LINE#         234
  C:401CH         LINE#         235
  C:401CH         LINE#         236
  C:4020H         LINE#         237
  C:4022H         LINE#         239
  C:4022H         LINE#         240
  C:4029H         LINE#         241
  C:4029H         LINE#         242
  C:4046H         LINE#         244
  C:4061H         LINE#         246
  C:4085H         LINE#         247
  C:4098H         LINE#         249
  C:40B7H         LINE#         250
  C:40C5H         LINE#         251
  C:40E2H         LINE#         252
  C:410CH         LINE#         253
  C:4110H         LINE#         254
  C:413AH         LINE#         255
  C:413DH         LINE#         256
  C:4171H         LINE#         257
  C:4171H         LINE#         258
  C:4178H         LINE#         259
  -------         ENDPROC       TEMPERTURECONTROLSYSTEM_TEST
  -------         PROC          MAIN
  C:7F26H         LINE#         262
  C:7F26H         LINE#         263
  C:7F26H         LINE#         266
  C:7F29H         LINE#         267
  C:7F2CH         LINE#         269
BL51 BANKED LINKER/LOCATER V6.22                                                      12/23/2021  11:15:20  PAGE 12


  C:7F35H         LINE#         270
  C:7F60H         LINE#         272
  C:7F66H         LINE#         273
  C:7F66H         LINE#         274
  C:7F98H         LINE#         275
  C:7F9AH         LINE#         276
  C:7FCCH         LINE#         277
  C:7FCFH         LINE#         278
  C:7FCFH         LINE#         279
  C:7FCFH         LINE#         282
  -------         ENDPROC       MAIN
  -------         ENDMOD        MAIN

  -------         MODULE        PUBLIC
  C:0000H         SYMBOL        _ICE_DUMMY_
  D:00A8H         PUBLIC        IE
  D:00B8H         PUBLIC        IP
  D:00D8H         PUBLIC        CCON
  D:0098H         PUBLIC        SCON
  D:0088H         PUBLIC        TCON
  C:8D60H         PUBLIC        _delay_10us
  C:8C37H         PUBLIC        _delay_ms
  C:8D44H         PUBLIC        _delay_us
  D:00D0H         PUBLIC        PSW
  -------         PROC          _DELAY_10US
  D:0006H         SYMBOL        us
  C:8D60H         LINE#         6
  C:8D60H         LINE#         7
  C:8D60H         LINE#         8
  C:8D6AH         LINE#         9
  -------         ENDPROC       _DELAY_10US
  -------         PROC          _DELAY_US
  D:0006H         SYMBOL        n
  C:8D44H         LINE#         11
  C:8D44H         LINE#         12
  C:8D44H         LINE#         13
  C:8D4EH         LINE#         14
  C:8D4EH         LINE#         15
  C:8D4FH         LINE#         21
  C:8D51H         LINE#         22
  -------         ENDPROC       _DELAY_US
  -------         PROC          _DELAY_MS
  D:0006H         SYMBOL        ms
  -------         DO            
  D:0006H         SYMBOL        i
  D:0004H         SYMBOL        j
  -------         ENDDO         
  C:8C37H         LINE#         24
  C:8C37H         LINE#         25
  C:8C37H         LINE#         27
  C:8C40H         LINE#         28
  C:8C54H         LINE#         29
  -------         ENDPROC       _DELAY_MS
  -------         ENDMOD        PUBLIC

  -------         MODULE        UART
  C:0000H         SYMBOL        _ICE_DUMMY_
BL51 BANKED LINKER/LOCATER V6.22                                                      12/23/2021  11:15:20  PAGE 13


  B:00A8H.7       PUBLIC        EA
  X:007AH         PUBLIC        UART_RX_BUF
  D:00A8H         PUBLIC        IE
  X:00ACH         PUBLIC        UART_RX_STA
  B:00A8H.4       PUBLIC        ES
  D:00B8H         PUBLIC        IP
  B:0098H.0       PUBLIC        RI
  B:0098H.1       PUBLIC        TI
  D:00D8H         PUBLIC        CCON
  C:8B96H         PUBLIC        _UART_SendString
  C:8D52H         PUBLIC        _UART_SendData
  D:0099H         PUBLIC        SBUF
  D:0087H         PUBLIC        PCON
  C:8D7DH         PUBLIC        _UART_Cmd
  C:8CE3H         PUBLIC        UART_Init
  D:0098H         PUBLIC        SCON
  D:0089H         PUBLIC        TMOD
  D:0088H         PUBLIC        TCON
  D:008DH         PUBLIC        TH1
  D:008BH         PUBLIC        TL1
  B:0088H.6       PUBLIC        TR1
  C:84FDH         PUBLIC        UART_IRQn
  D:00D0H         PUBLIC        PSW
  -------         PROC          UART_INIT
  C:8CE3H         LINE#         5
  C:8CE3H         LINE#         6
  C:8CE3H         LINE#         7
  C:8CE6H         LINE#         8
  C:8CE9H         LINE#         9
  C:8CECH         LINE#         10
  C:8CEFH         LINE#         11
  C:8CF2H         LINE#         13
  C:8CF4H         LINE#         14
  C:8CF6H         LINE#         15
  C:8CF8H         LINE#         16
  -------         ENDPROC       UART_INIT
  -------         PROC          _UART_CMD
  D:0007H         SYMBOL        ensta
  C:8D7DH         LINE#         18
  C:8D7DH         LINE#         19
  C:8D7DH         LINE#         20
  C:8D82H         LINE#         21
  -------         ENDPROC       _UART_CMD
  -------         PROC          _UART_SENDDATA
  D:0007H         SYMBOL        dat
  C:8D52H         LINE#         23
  C:8D52H         LINE#         24
  C:8D52H         LINE#         25
  C:8D54H         LINE#         26
  C:8D56H         LINE#         27
  C:8D58H         LINE#         28
  C:8D5BH         LINE#         29
  C:8D5DH         LINE#         30
  C:8D5FH         LINE#         31
  -------         ENDPROC       _UART_SENDDATA
  -------         PROC          _UART_SENDSTRING
  X:0395H         SYMBOL        pbuf
BL51 BANKED LINKER/LOCATER V6.22                                                      12/23/2021  11:15:20  PAGE 14


  C:8B96H         LINE#         33
  C:8BA1H         LINE#         34
  C:8BA1H         LINE#         35
  C:8BB2H         LINE#         36
  C:8BB2H         LINE#         37
  C:8BB5H         LINE#         38
  C:8BBCH         LINE#         39
  C:8BC6H         LINE#         40
  C:8BC8H         LINE#         41
  -------         ENDPROC       _UART_SENDSTRING
  -------         PROC          UART_IRQN
  -------         DO            
  D:0007H         SYMBOL        r
  -------         ENDDO         
  C:84FDH         LINE#         51
  C:850EH         LINE#         55
  C:8511H         LINE#         56
  C:8511H         LINE#         57
  C:8513H         LINE#         58
  C:8515H         LINE#         59
  C:851EH         LINE#         60
  C:851EH         LINE#         61
  C:8521H         LINE#         62
  C:8521H         LINE#         63
  C:852BH         LINE#         64
  C:852EH         LINE#         65
  C:8530H         LINE#         67
  C:8530H         LINE#         68
  C:8540H         LINE#         70
  C:8540H         LINE#         71
  C:8554H         LINE#         72
  C:8562H         LINE#         73
  C:8575H         LINE#         74
  C:8575H         LINE#         75
  C:8575H         LINE#         76
  C:8575H         LINE#         77
  C:8575H         LINE#         78
  -------         ENDPROC       UART_IRQN
  -------         ENDMOD        UART

  -------         MODULE        DS18B20
  C:0000H         SYMBOL        _ICE_DUMMY_
  D:00B0H         PUBLIC        P3
  C:8CADH         PUBLIC        _DS18B20_Write_Byte
  C:8D22H         PUBLIC        DS18B20_Reset
  D:00A8H         PUBLIC        IE
  C:8D34H         PUBLIC        DS18B20_Start
  D:00B8H         PUBLIC        IP
  C:8D76H         PUBLIC        DS18B20_Init
  D:00D8H         PUBLIC        CCON
  D:0098H         PUBLIC        SCON
  D:0088H         PUBLIC        TCON
  C:81BBH         PUBLIC        DS18B20_GetTemperture
  C:88A8H         PUBLIC        DS18B20_Check
  B:00B0H.7       PUBLIC        DS18B20_DQ_OUT
  D:00D0H         PUBLIC        PSW
  C:8C14H         PUBLIC        DS18B20_Read_Byte
BL51 BANKED LINKER/LOCATER V6.22                                                      12/23/2021  11:15:20  PAGE 15


  -------         PROC          DS18B20_RESET
  C:8D22H         LINE#         196
  C:8D22H         LINE#         197
  C:8D22H         LINE#         199
  C:8D24H         LINE#         200
  C:8D2BH         LINE#         201
  C:8D2DH         LINE#         202
  -------         ENDPROC       DS18B20_RESET
  -------         PROC          DS18B20_CHECK
  -------         DO            
  X:0015H         SYMBOL        retry
  -------         ENDDO         
  C:88A8H         LINE#         211
  C:88A8H         LINE#         212
  C:88A8H         LINE#         213
  C:88ADH         LINE#         215
  C:88B9H         LINE#         216
  C:88B9H         LINE#         217
  C:88BCH         LINE#         218
  C:88C3H         LINE#         219
  C:88C5H         LINE#         220
  C:88D1H         LINE#         221
  C:88D6H         LINE#         222
  C:88E2H         LINE#         223
  C:88E2H         LINE#         224
  C:88E5H         LINE#         225
  C:88ECH         LINE#         226
  C:88EEH         LINE#         227
  C:88FAH         LINE#         228
  C:88FCH         LINE#         229
  -------         ENDPROC       DS18B20_CHECK
  -------         PROC          DS18B20_READ_BYTE
  -------         DO            
  D:0006H         SYMBOL        byte
  D:0004H         SYMBOL        bi
  D:0007H         SYMBOL        i
  D:0005H         SYMBOL        j
  -------         ENDDO         
  C:8C14H         LINE#         237
  C:8C14H         LINE#         238
  C:8C14H         LINE#         241
  C:8C16H         LINE#         242
  C:8C16H         LINE#         243
  C:8C18H         LINE#         244
  C:8C18H         LINE#         245
  C:8C1AH         LINE#         246
  C:8C1AH         LINE#         247
  C:8C1AH         LINE#         248
  C:8C1EH         LINE#         250
  C:8C2AH         LINE#         251
  C:8C2CH         LINE#         252
  C:8C32H         LINE#         253
  C:8C34H         LINE#         254
  C:8C36H         LINE#         255
  -------         ENDPROC       DS18B20_READ_BYTE
  -------         PROC          _DS18B20_WRITE_BYTE
  D:0007H         SYMBOL        dat
BL51 BANKED LINKER/LOCATER V6.22                                                      12/23/2021  11:15:20  PAGE 16


  -------         DO            
  D:0006H         SYMBOL        i
  D:0005H         SYMBOL        j
  -------         ENDDO         
  C:8CADH         LINE#         263
  C:8CADH         LINE#         264
  C:8CADH         LINE#         267
  C:8CAFH         LINE#         268
  C:8CAFH         LINE#         269
  C:8CB1H         LINE#         270
  C:8CB1H         LINE#         271
  C:8CB5H         LINE#         272
  C:8CB7H         LINE#         273
  C:8CBDH         LINE#         274
  C:8CBFH         LINE#         275
  C:8CC3H         LINE#         276
  C:8CC8H         LINE#         277
  -------         ENDPROC       _DS18B20_WRITE_BYTE
  -------         PROC          DS18B20_START
  C:8D34H         LINE#         285
  C:8D34H         LINE#         286
  C:8D34H         LINE#         287
  C:8D37H         LINE#         288
  C:8D3AH         LINE#         289
  C:8D3FH         LINE#         290
  -------         ENDPROC       DS18B20_START
  -------         PROC          DS18B20_INIT
  C:8D76H         LINE#         299
  C:8D76H         LINE#         300
  C:8D76H         LINE#         301
  C:8D79H         LINE#         302
  C:8D7CH         LINE#         303
  -------         ENDPROC       DS18B20_INIT
  -------         PROC          DS18B20_GETTEMPERTURE
  -------         DO            
  X:000FH         SYMBOL        temp
  D:0003H         SYMBOL        a
  D:0007H         SYMBOL        b
  X:0011H         SYMBOL        value
  -------         ENDDO         
  C:81BBH         LINE#         311
  C:81BBH         LINE#         312
  C:81BBH         LINE#         316
  C:81BEH         LINE#         317
  C:81C1H         LINE#         318
  C:81C4H         LINE#         319
  C:81C9H         LINE#         320
  C:81CEH         LINE#         321
  C:81D3H         LINE#         322
  C:81D6H         LINE#         323
  C:81DEH         LINE#         324
  C:81F1H         LINE#         325
  C:81FCH         LINE#         326
  C:81FCH         LINE#         327
  C:8213H         LINE#         328
  C:8221H         LINE#         329
  C:8223H         LINE#         331
BL51 BANKED LINKER/LOCATER V6.22                                                      12/23/2021  11:15:20  PAGE 17


  C:8223H         LINE#         332
  C:823CH         LINE#         333
  C:823CH         LINE#         334
  C:824AH         LINE#         335
  -------         ENDPROC       DS18B20_GETTEMPERTURE
  -------         ENDMOD        DS18B20

  -------         MODULE        TFTLCD
  C:0000H         SYMBOL        _ICE_DUMMY_
  D:0080H         PUBLIC        P0
  D:0090H         PUBLIC        P1
  X:0316H         PUBLIC        tftlcd_data
  D:00A0H         PUBLIC        P2
  C:6EC8H         PUBLIC        _LCD_ShowxNum
  D:00B0H         PUBLIC        P3
  C:78D1H         PUBLIC        _LCD_ShowNum
  D:00A8H         PUBLIC        IE
  C:894DH         PUBLIC        _LCD_Display_Dir
  C:6D9DH         PUBLIC        _LCD_ShowFontHZ
  D:00B8H         PUBLIC        IP
  C:8584H         PUBLIC        _LCD_Clear
  C:741CH         PUBLIC        _LCD_Color_Fill
  C:8C5DH         PUBLIC        _LCD_WriteData_Color
  D:00D8H         PUBLIC        CCON
  C:8CC9H         PUBLIC        LCD_ReadData
  C:5970H         PUBLIC        _LCD_DrawLine_Color
  C:89EAH         PUBLIC        _LCD_DrawFRONT_COLOR
  D:0098H         PUBLIC        SCON
  D:0088H         PUBLIC        TCON
  C:0A97H         PUBLIC        ascii_2412
  C:0033H         PUBLIC        ascii_1206
  C:6C70H         PUBLIC        _LCD_ShowPicture
  C:5391H         PUBLIC        TFTLCD_Init
  C:04A7H         PUBLIC        ascii_1608
  C:7B57H         PUBLIC        _LCD_Fill
  C:7E7CH         PUBLIC        _LCD_Set_Window
  C:8C7AH         PUBLIC        _LCD_WriteData
  C:8843H         PUBLIC        _LCD_ReadPoint
  B:00B0H.3       PUBLIC        TFT_RST
  C:5781H         PUBLIC        _LCD_DrawLine
  C:8A86H         PUBLIC        _LCD_DrawPoint
  C:77ECH         PUBLIC        _LCD_ShowString
  C:8D14H         PUBLIC        _LCD_WriteCmdData
  C:65BBH         PUBLIC        _LCD_ShowChar
  C:8BFEH         PUBLIC        _LCD_WriteCmd
  C:7FD1H         PUBLIC        _LCD_DrawRectangle
  B:00B0H.2       PUBLIC        TFT_RD
  B:00A0H.7       PUBLIC        TFT_CS
  C:79ADH         PUBLIC        _LCD_DrowSign
  C:8700H         PUBLIC        _LCD_DrawBigPoint
  C:8904H         PUBLIC        _LCD_Pow
  X:031DH         PUBLIC        FRONT_COLOR
  C:0003H         PUBLIC        _Delay
  X:031FH         PUBLIC        BACK_COLOR
  B:00A0H.6       PUBLIC        TFT_RS
  B:00A0H.5       PUBLIC        TFT_WR
  C:5D46H         PUBLIC        _LCD_Draw_Circle
BL51 BANKED LINKER/LOCATER V6.22                                                      12/23/2021  11:15:20  PAGE 18


  D:00D0H         PUBLIC        PSW
  C:17F3H         PUBLIC        CnChar32x29
  -------         PROC          _DELAY
  D:0006H         SYMBOL        dly
  -------         DO            
  D:0004H         SYMBOL        i
  D:0002H         SYMBOL        j
  -------         ENDDO         
  C:0003H         LINE#         14
  C:0003H         LINE#         15
  C:0003H         LINE#         18
  C:000DH         LINE#         19
  C:0021H         LINE#         20
  -------         ENDPROC       _DELAY
  -------         PROC          L?0194
  -------         ENDPROC       L?0194
  -------         PROC          _LCD_WRITECMD
  D:0004H         SYMBOL        cmd
  C:8BFEH         LINE#         23
  C:8C02H         LINE#         24
  C:8C02H         LINE#         135
  C:8C04H         LINE#         136
  C:8C06H         LINE#         137
  C:8C09H         LINE#         138
  C:8C0DH         LINE#         139
  C:8C0FH         LINE#         140
  C:8C11H         LINE#         141
  C:8C13H         LINE#         246
  -------         ENDPROC       _LCD_WRITECMD
  C:8C73H         SYMBOL        L?0182
  C:8C75H         SYMBOL        L?0183
  -------         PROC          L?0181
  -------         ENDPROC       L?0181
  C:8C73H         SYMBOL        L?0182
  C:8C75H         SYMBOL        L?0183
  -------         PROC          _LCD_WRITEDATA
  D:0004H         SYMBOL        dat
  C:8C7AH         LINE#         250
  C:8C7EH         LINE#         251
  C:8C7EH         LINE#         359
  C:8C80H         LINE#         360
  C:8C82H         LINE#         361
  C:8C85H         LINE#         362
  C:8C89H         LINE#         363
  C:8C8BH         LINE#         364
  C:8C8DH         LINE#         365
  C:8C8FH         LINE#         467
  -------         ENDPROC       _LCD_WRITEDATA
  C:8C55H         SYMBOL        L?0188
  C:8C58H         SYMBOL        L?0189
  -------         PROC          L?0187
  -------         ENDPROC       L?0187
  C:8C55H         SYMBOL        L?0188
  C:8C58H         SYMBOL        L?0189
  -------         PROC          _LCD_WRITEDATA_COLOR
  D:0004H         SYMBOL        color
  C:8C5DH         LINE#         469
BL51 BANKED LINKER/LOCATER V6.22                                                      12/23/2021  11:15:20  PAGE 19


  C:8C61H         LINE#         470
  C:8C61H         LINE#         581
  C:8C63H         LINE#         582
  C:8C65H         LINE#         583
  C:8C68H         LINE#         584
  C:8C6CH         LINE#         585
  C:8C6EH         LINE#         586
  C:8C70H         LINE#         587
  C:8C72H         LINE#         699
  -------         ENDPROC       _LCD_WRITEDATA_COLOR
  -------         PROC          L?0196
  -------         ENDPROC       L?0196
  -------         PROC          _LCD_WRITECMDDATA
  D:0006H         SYMBOL        cmd
  D:0002H         SYMBOL        dat
  C:8D14H         LINE#         701
  C:8D18H         LINE#         702
  C:8D18H         LINE#         703
  C:8D1BH         LINE#         704
  -------         ENDPROC       _LCD_WRITECMDDATA
  -------         PROC          LCD_READDATA
  -------         DO            
  D:0006H         SYMBOL        ram
  -------         ENDDO         
  C:8CC9H         LINE#         709
  C:8CC9H         LINE#         710
  C:8CC9H         LINE#         713
  C:8CCCH         LINE#         714
  C:8CCFH         LINE#         808
  C:8CD1H         LINE#         809
  C:8CD3H         LINE#         810
  C:8CD5H         LINE#         811
  C:8CD6H         LINE#         812
  C:8CD8H         LINE#         813
  C:8CDAH         LINE#         814
  C:8CDEH         LINE#         815
  C:8CE0H         LINE#         816
  C:8CE2H         LINE#         931
  C:8CE2H         LINE#         932
  -------         ENDPROC       LCD_READDATA
  -------         PROC          _LCD_DISPLAY_DIR
  D:0007H         SYMBOL        dir
  C:894DH         LINE#         936
  C:894DH         LINE#         937
  C:894DH         LINE#         938
  C:8952H         LINE#         939
  C:8954H         LINE#         940
  C:8954H         LINE#         974
  C:895EH         LINE#         975
  C:8963H         LINE#         1015
  C:896DH         LINE#         1016
  C:8976H         LINE#         1017
  C:8977H         LINE#         1019
  C:8977H         LINE#         1055
  C:8982H         LINE#         1056
  C:8987H         LINE#         1096
  C:8990H         LINE#         1097
BL51 BANKED LINKER/LOCATER V6.22                                                      12/23/2021  11:15:20  PAGE 20


  C:899AH         LINE#         1098
  C:899AH         LINE#         1099
  -------         ENDPROC       _LCD_DISPLAY_DIR
  -------         PROC          TFTLCD_INIT
  -------         DO            
  X:0000H         SYMBOL        i
  -------         ENDDO         
  C:5391H         LINE#         1102
  C:5391H         LINE#         1103
  C:5391H         LINE#         1104
  C:5398H         LINE#         1105
  C:539AH         LINE#         1106
  C:53A0H         LINE#         1108
  C:53A2H         LINE#         1109
  C:53A9H         LINE#         1111
  C:53ABH         LINE#         1112
  C:53B2H         LINE#         1149
  C:53B8H         LINE#         1150
  C:53C3H         LINE#         1193
  C:53D4H         LINE#         1644
  C:53DFH         LINE#         1645
  C:53E5H         LINE#         1647
  C:53F1H         LINE#         1648
  C:53F6H         LINE#         1649
  C:5402H         LINE#         1650
  C:5410H         LINE#         1651
  C:541CH         LINE#         1652
  C:5422H         LINE#         1654
  C:5430H         LINE#         1655
  C:543EH         LINE#         1656
  C:5443H         LINE#         1657
  C:544FH         LINE#         1658
  C:5454H         LINE#         1659
  C:5459H         LINE#         1660
  C:5465H         LINE#         1661
  C:5471H         LINE#         1662
  C:547DH         LINE#         1663
  C:5482H         LINE#         1664
  C:5488H         LINE#         1666
  C:548DH         LINE#         1667
  C:5492H         LINE#         1668
  C:5497H         LINE#         1669
  C:549CH         LINE#         1670
  C:54A7H         LINE#         1671
  C:54ADH         LINE#         1672
  C:54B2H         LINE#         1674
  C:54BEH         LINE#         1675
  C:54C3H         LINE#         1676
  C:54CEH         LINE#         1678
  C:54DBH         LINE#         1679
  C:54E9H         LINE#         1680
  C:54F7H         LINE#         1681
  C:5505H         LINE#         1682
  C:5513H         LINE#         1683
  C:5521H         LINE#         1684
  C:552FH         LINE#         1685
  C:553DH         LINE#         1686
BL51 BANKED LINKER/LOCATER V6.22                                                      12/23/2021  11:15:20  PAGE 21


  C:554BH         LINE#         1687
  C:5559H         LINE#         1688
  C:555EH         LINE#         1689
  C:5563H         LINE#         1690
  C:556FH         LINE#         1692
  C:5574H         LINE#         1693
  C:5579H         LINE#         1695
  C:557EH         LINE#         2238
  C:5583H         LINE#         2239
  -------         ENDPROC       TFTLCD_INIT
  C:7E77H         SYMBOL        L?0193
  -------         PROC          L?0192
  -------         ENDPROC       L?0192
  C:7E77H         SYMBOL        L?0193
  -------         PROC          _LCD_SET_WINDOW
  X:0072H         SYMBOL        sx
  X:0074H         SYMBOL        sy
  D:0002H         SYMBOL        width
  X:0078H         SYMBOL        height
  C:7E7CH         LINE#         2246
  C:7E8AH         LINE#         2247
  C:7E8AH         LINE#         2430
  C:7E92H         LINE#         2431
  C:7E92H         LINE#         2432
  C:7E9AH         LINE#         2433
  C:7EA6H         LINE#         2434
  C:7EB8H         LINE#         2435
  C:7ECAH         LINE#         2436
  C:7ED2H         LINE#         2437
  C:7ED2H         LINE#         2438
  C:7ED4H         LINE#         2440
  C:7ED4H         LINE#         2441
  C:7EE0H         LINE#         2442
  C:7EEEH         LINE#         2443
  C:7EFCH         LINE#         2444
  C:7F0CH         LINE#         2445
  C:7F1EH         LINE#         2446
  C:7F25H         LINE#         2447
  C:7F25H         LINE#         2660
  -------         ENDPROC       _LCD_SET_WINDOW
  -------         PROC          _LCD_READPOINT
  D:0002H         SYMBOL        x
  X:0321H         SYMBOL        y
  -------         DO            
  X:0323H         SYMBOL        r
  X:0325H         SYMBOL        g
  X:0327H         SYMBOL        b
  X:0329H         SYMBOL        dat
  -------         ENDDO         
  C:8843H         LINE#         2665
  C:884FH         LINE#         2666
  C:884FH         LINE#         2667
  C:885FH         LINE#         2668
  C:8885H         LINE#         2669
  C:889FH         LINE#         2777
  C:88A7H         LINE#         2778
  -------         ENDPROC       _LCD_READPOINT
BL51 BANKED LINKER/LOCATER V6.22                                                      12/23/2021  11:15:20  PAGE 22


  -------         PROC          _LCD_CLEAR
  X:0002H         SYMBOL        color
  -------         DO            
  D:0002H         SYMBOL        i
  X:0004H         SYMBOL        j
  -------         ENDDO         
  C:8584H         LINE#         2782
  C:858CH         LINE#         2783
  C:858CH         LINE#         2784
  C:8591H         LINE#         2786
  C:85BBH         LINE#         2787
  C:85CBH         LINE#         2788
  C:85CBH         LINE#         2789
  C:85E7H         LINE#         2790
  C:85E7H         LINE#         2791
  C:85EDH         LINE#         2792
  C:85FDH         LINE#         2793
  C:8604H         LINE#         2794
  -------         ENDPROC       _LCD_CLEAR
  -------         PROC          _LCD_FILL
  X:0030H         SYMBOL        xState
  X:0032H         SYMBOL        yState
  X:0034H         SYMBOL        xEnd
  X:0036H         SYMBOL        yEnd
  X:0038H         SYMBOL        color
  -------         DO            
  X:003AH         SYMBOL        temp
  -------         ENDDO         
  C:7B57H         LINE#         2799
  C:7B6FH         LINE#         2800
  C:7B6FH         LINE#         2801
  C:7B76H         LINE#         2803
  C:7B98H         LINE#         2804
  C:7B98H         LINE#         2806
  C:7B98H         LINE#         2807
  C:7BB3H         LINE#         2808
  C:7BD4H         LINE#         2809
  C:7BF3H         LINE#         2811
  C:7C01H         LINE#         2812
  C:7C01H         LINE#         2813
  C:7C10H         LINE#         2814
  C:7C1EH         LINE#         2815
  C:7C1EH         LINE#         2816
  C:7C24H         LINE#         2817
  C:7C26H         LINE#         2818
  C:7C26H         LINE#         2819
  -------         ENDPROC       _LCD_FILL
  -------         PROC          _LCD_COLOR_FILL
  X:0241H         SYMBOL        sx
  X:0243H         SYMBOL        sy
  D:0002H         SYMBOL        ex
  X:0247H         SYMBOL        ey
  X:0249H         SYMBOL        color
  -------         DO            
  X:024CH         SYMBOL        height
  X:024EH         SYMBOL        width
  X:0250H         SYMBOL        i
BL51 BANKED LINKER/LOCATER V6.22                                                      12/23/2021  11:15:20  PAGE 23


  X:0252H         SYMBOL        j
  -------         ENDDO         
  C:741CH         LINE#         2824
  C:742AH         LINE#         2825
  C:742AH         LINE#         2828
  C:7445H         LINE#         2829
  C:7466H         LINE#         2830
  C:7483H         LINE#         2831
  C:749FH         LINE#         2832
  C:749FH         LINE#         2833
  C:74BCH         LINE#         2834
  C:74BCH         LINE#         2835
  C:74F2H         LINE#         2836
  C:7502H         LINE#         2837
  C:7513H         LINE#         2838
  -------         ENDPROC       _LCD_COLOR_FILL
  C:8A73H         SYMBOL        L?0185
  C:8A74H         SYMBOL        L?0186
  -------         PROC          L?0184
  -------         ENDPROC       L?0184
  C:8A73H         SYMBOL        L?0185
  C:8A74H         SYMBOL        L?0186
  -------         PROC          _LCD_DRAWPOINT
  D:0002H         SYMBOL        x
  D:0082H         SYMBOL        y
  C:8A86H         LINE#         2843
  C:8A8EH         LINE#         2844
  C:8A8EH         LINE#         2845
  C:8AA5H         LINE#         2846
  -------         ENDPROC       _LCD_DRAWPOINT
  C:89E5H         SYMBOL        L?0191
  -------         PROC          L?0190
  -------         ENDPROC       L?0190
  C:89E5H         SYMBOL        L?0191
  -------         PROC          _LCD_DRAWFRONT_COLOR
  X:006CH         SYMBOL        x
  X:006EH         SYMBOL        y
  X:0070H         SYMBOL        color
  C:89EAH         LINE#         2852
  C:8A02H         LINE#         2853
  C:8A02H         LINE#         2854
  C:8A21H         LINE#         2855
  -------         ENDPROC       _LCD_DRAWFRONT_COLOR
  -------         PROC          _LCD_DRAWBIGPOINT
  X:0374H         SYMBOL        x
  X:0376H         SYMBOL        y
  X:0378H         SYMBOL        color
  C:8700H         LINE#         2860
  C:8714H         LINE#         2861
  C:8714H         LINE#         2862
  C:8717H         LINE#         2863
  C:8730H         LINE#         2864
  C:874CH         LINE#         2865
  -------         ENDPROC       _LCD_DRAWBIGPOINT
  -------         PROC          _LCD_DRAWLINE
  X:016DH         SYMBOL        x1
  X:016FH         SYMBOL        y1
BL51 BANKED LINKER/LOCATER V6.22                                                      12/23/2021  11:15:20  PAGE 24


  D:0002H         SYMBOL        x2
  X:0173H         SYMBOL        y2
  -------         DO            
  X:0175H         SYMBOL        t
  X:0177H         SYMBOL        xerr
  X:0179H         SYMBOL        yerr
  X:017BH         SYMBOL        delta_x
  X:017DH         SYMBOL        delta_y
  X:017FH         SYMBOL        distance
  X:0181H         SYMBOL        incx
  X:0183H         SYMBOL        incy
  X:0185H         SYMBOL        uRow
  X:0187H         SYMBOL        uCol
  -------         ENDDO         
  C:5781H         LINE#         2871
  C:578FH         LINE#         2872
  C:578FH         LINE#         2873
  C:5796H         LINE#         2874
  C:579EH         LINE#         2876
  C:57B3H         LINE#         2877
  C:57CEH         LINE#         2878
  C:57DDH         LINE#         2879
  C:57E3H         LINE#         2880
  C:57FFH         LINE#         2881
  C:580BH         LINE#         2882
  C:5820H         LINE#         2883
  C:583CH         LINE#         2884
  C:5848H         LINE#         2885
  C:585DH         LINE#         2886
  C:5883H         LINE#         2887
  C:5888H         LINE#         2888
  C:58ADH         LINE#         2889
  C:58ADH         LINE#         2890
  C:58BEH         LINE#         2891
  C:58D2H         LINE#         2892
  C:58E6H         LINE#         2893
  C:5902H         LINE#         2894
  C:5902H         LINE#         2895
  C:590EH         LINE#         2896
  C:5922H         LINE#         2897
  C:5922H         LINE#         2898
  C:593EH         LINE#         2899
  C:593EH         LINE#         2900
  C:594AH         LINE#         2901
  C:595EH         LINE#         2902
  C:595EH         LINE#         2903
  C:596FH         LINE#         2904
  -------         ENDPROC       _LCD_DRAWLINE
  -------         PROC          _LCD_DRAWLINE_COLOR
  X:0113H         SYMBOL        x1
  X:0115H         SYMBOL        y1
  D:0002H         SYMBOL        x2
  X:0119H         SYMBOL        y2
  X:011BH         SYMBOL        color
  -------         DO            
  X:011DH         SYMBOL        t
  X:011FH         SYMBOL        xerr
BL51 BANKED LINKER/LOCATER V6.22                                                      12/23/2021  11:15:20  PAGE 25


  X:0121H         SYMBOL        yerr
  X:0123H         SYMBOL        delta_x
  X:0125H         SYMBOL        delta_y
  X:0127H         SYMBOL        distance
  X:0129H         SYMBOL        incx
  X:012BH         SYMBOL        incy
  X:012DH         SYMBOL        uRow
  X:012FH         SYMBOL        uCol
  -------         ENDDO         
  C:5970H         LINE#         2906
  C:597EH         LINE#         2907
  C:597EH         LINE#         2909
  C:5989H         LINE#         2911
  C:599EH         LINE#         2912
  C:59B9H         LINE#         2913
  C:59C8H         LINE#         2914
  C:59CEH         LINE#         2915
  C:59EAH         LINE#         2916
  C:59F6H         LINE#         2917
  C:5A0BH         LINE#         2918
  C:5A27H         LINE#         2919
  C:5A33H         LINE#         2920
  C:5A48H         LINE#         2921
  C:5A6EH         LINE#         2922
  C:5A73H         LINE#         2923
  C:5A98H         LINE#         2924
  C:5A98H         LINE#         2925
  C:5AABH         LINE#         2926
  C:5ABFH         LINE#         2927
  C:5AD3H         LINE#         2928
  C:5AEFH         LINE#         2929
  C:5AEFH         LINE#         2930
  C:5AFBH         LINE#         2931
  C:5B0FH         LINE#         2932
  C:5B0FH         LINE#         2933
  C:5B2BH         LINE#         2934
  C:5B2BH         LINE#         2935
  C:5B37H         LINE#         2936
  C:5B4BH         LINE#         2937
  C:5B4BH         LINE#         2938
  C:5B5CH         LINE#         2939
  -------         ENDPROC       _LCD_DRAWLINE_COLOR
  -------         PROC          _LCD_DROWSIGN
  X:037AH         SYMBOL        x
  X:037CH         SYMBOL        y
  X:037EH         SYMBOL        color
  -------         DO            
  D:0003H         SYMBOL        i
  -------         ENDDO         
  C:79ADH         LINE#         2946
  C:79C5H         LINE#         2947
  C:79C5H         LINE#         2951
  C:79FFH         LINE#         2952
  C:7A01H         LINE#         2953
  C:7A01H         LINE#         2954
  C:7A04H         LINE#         2955
  C:7A09H         LINE#         2958
BL51 BANKED LINKER/LOCATER V6.22                                                      12/23/2021  11:15:20  PAGE 26


  C:7A43H         LINE#         2959
  C:7A45H         LINE#         2960
  C:7A45H         LINE#         2961
  C:7A48H         LINE#         2962
  C:7A4DH         LINE#         2965
  C:7A7AH         LINE#         2966
  C:7A7CH         LINE#         2967
  C:7A7CH         LINE#         2968
  C:7A7FH         LINE#         2969
  C:7A84H         LINE#         2970
  -------         ENDPROC       _LCD_DROWSIGN
  -------         PROC          _LCD_DRAWRECTANGLE
  X:035CH         SYMBOL        x1
  X:035EH         SYMBOL        y1
  X:0360H         SYMBOL        x2
  X:0362H         SYMBOL        y2
  C:7FD1H         LINE#         2974
  C:7FE7H         LINE#         2975
  C:7FE7H         LINE#         2976
  C:8003H         LINE#         2977
  C:802AH         LINE#         2978
  C:8052H         LINE#         2979
  -------         ENDPROC       _LCD_DRAWRECTANGLE
  -------         PROC          _LCD_DRAW_CIRCLE
  X:032BH         SYMBOL        x0
  X:032DH         SYMBOL        y0
  D:0003H         SYMBOL        r
  -------         DO            
  X:032FH         SYMBOL        a
  X:0331H         SYMBOL        b
  X:0333H         SYMBOL        di
  -------         ENDDO         
  C:5D46H         LINE#         2984
  C:5D54H         LINE#         2985
  C:5D54H         LINE#         2988
  C:5D63H         LINE#         2989
  C:5D77H         LINE#         2990
  C:5D96H         LINE#         2991
  C:5D96H         LINE#         2992
  C:5DA4H         LINE#         2993
  C:5DBDH         LINE#         2994
  C:5DE8H         LINE#         2995
  C:5E13H         LINE#         2996
  C:5E3FH         LINE#         2997
  C:5E6BH         LINE#         2998
  C:5E82H         LINE#         2999
  C:5E9DH         LINE#         3000
  C:5EABH         LINE#         3002
  C:5EDBH         LINE#         3004
  C:5EDBH         LINE#         3005
  C:5F0CH         LINE#         3006
  C:5F1AH         LINE#         3007
  C:5F1AH         LINE#         3008
  C:5F1DH         LINE#         3009
  -------         ENDPROC       _LCD_DRAW_CIRCLE
  -------         PROC          _LCD_SHOWCHAR
  X:001CH         SYMBOL        x
BL51 BANKED LINKER/LOCATER V6.22                                                      12/23/2021  11:15:20  PAGE 27


  X:001EH         SYMBOL        y
  X:0020H         SYMBOL        num
  X:0021H         SYMBOL        size
  X:0022H         SYMBOL        mode
  -------         DO            
  X:0023H         SYMBOL        temp
  X:0024H         SYMBOL        t1
  D:0001H         SYMBOL        t
  X:0025H         SYMBOL        y0
  X:0027H         SYMBOL        csize
  -------         ENDDO         
  C:65BBH         LINE#         3017
  C:65D0H         LINE#         3018
  C:65D0H         LINE#         3020
  C:65D8H         LINE#         3021
  C:6600H         LINE#         3022
  C:6607H         LINE#         3023
  C:6616H         LINE#         3024
  C:6616H         LINE#         3025
  C:6630H         LINE#         3026
  C:6646H         LINE#         3027
  C:6673H         LINE#         3029
  C:6678H         LINE#         3030
  C:6678H         LINE#         3031
  C:6692H         LINE#         3032
  C:66ACH         LINE#         3033
  C:66B3H         LINE#         3034
  C:66C1H         LINE#         3035
  C:66D7H         LINE#         3036
  C:66F3H         LINE#         3037
  C:66F3H         LINE#         3038
  C:66FBH         LINE#         3039
  C:6709H         LINE#         3040
  C:671FH         LINE#         3042
  C:671FH         LINE#         3043
  C:672EH         LINE#         3044
  C:6732H         LINE#         3045
  -------         ENDPROC       _LCD_SHOWCHAR
  -------         PROC          L?0195
  -------         ENDPROC       L?0195
  -------         PROC          _LCD_POW
  X:0380H         SYMBOL        m
  X:0381H         SYMBOL        n
  -------         DO            
  X:0382H         SYMBOL        result
  -------         ENDDO         
  C:8904H         LINE#         3048
  C:890CH         LINE#         3049
  C:890CH         LINE#         3050
  C:8914H         LINE#         3051
  C:893EH         LINE#         3052
  C:894CH         LINE#         3053
  -------         ENDPROC       _LCD_POW
  -------         PROC          _LCD_SHOWNUM
  X:02E3H         SYMBOL        x
  X:02E5H         SYMBOL        y
  X:02E7H         SYMBOL        num
BL51 BANKED LINKER/LOCATER V6.22                                                      12/23/2021  11:15:20  PAGE 28


  X:02EBH         SYMBOL        len
  X:02ECH         SYMBOL        size
  -------         DO            
  X:02EDH         SYMBOL        t
  X:02EEH         SYMBOL        temp
  X:02EFH         SYMBOL        enshow
  -------         ENDDO         
  C:78D1H         LINE#         3060
  C:78DFH         LINE#         3061
  C:78DFH         LINE#         3063
  C:78E4H         LINE#         3064
  C:78F9H         LINE#         3065
  C:78F9H         LINE#         3066
  C:7923H         LINE#         3067
  C:7936H         LINE#         3068
  C:7936H         LINE#         3069
  C:793AH         LINE#         3070
  C:793AH         LINE#         3071
  C:7964H         LINE#         3072
  C:7966H         LINE#         3073
  C:796CH         LINE#         3075
  C:796CH         LINE#         3076
  C:79A3H         LINE#         3077
  C:79ACH         LINE#         3078
  -------         ENDPROC       _LCD_SHOWNUM
  -------         PROC          _LCD_SHOWXNUM
  X:02C7H         SYMBOL        x
  X:02C9H         SYMBOL        y
  X:02CBH         SYMBOL        num
  X:02CFH         SYMBOL        len
  X:02D0H         SYMBOL        size
  X:02D1H         SYMBOL        mode
  -------         DO            
  X:02D2H         SYMBOL        t
  X:02D3H         SYMBOL        temp
  X:02D4H         SYMBOL        enshow
  -------         ENDDO         
  C:6EC8H         LINE#         3089
  C:6ED6H         LINE#         3090
  C:6ED6H         LINE#         3092
  C:6EDBH         LINE#         3093
  C:6EF0H         LINE#         3094
  C:6EF0H         LINE#         3095
  C:6F1AH         LINE#         3096
  C:6F30H         LINE#         3097
  C:6F30H         LINE#         3098
  C:6F34H         LINE#         3099
  C:6F34H         LINE#         3100
  C:6F6AH         LINE#         3101
  C:6F9FH         LINE#         3102
  C:6FA1H         LINE#         3103
  C:6FA7H         LINE#         3105
  C:6FA7H         LINE#         3106
  C:6FE7H         LINE#         3107
  C:6FF0H         LINE#         3108
  -------         ENDPROC       _LCD_SHOWXNUM
  -------         PROC          _LCD_SHOWSTRING
BL51 BANKED LINKER/LOCATER V6.22                                                      12/23/2021  11:15:20  PAGE 29


  X:000FH         SYMBOL        x
  X:0011H         SYMBOL        y
  X:0013H         SYMBOL        width
  X:0015H         SYMBOL        height
  X:0017H         SYMBOL        size
  X:0018H         SYMBOL        p
  -------         DO            
  X:001BH         SYMBOL        x0
  -------         ENDDO         
  C:77ECH         LINE#         3114
  C:7800H         LINE#         3115
  C:7800H         LINE#         3116
  C:780CH         LINE#         3117
  C:7818H         LINE#         3118
  C:782CH         LINE#         3119
  C:784CH         LINE#         3120
  C:784CH         LINE#         3121
  C:787FH         LINE#         3122
  C:7895H         LINE#         3123
  C:78AFH         LINE#         3124
  C:78C3H         LINE#         3125
  C:78CDH         LINE#         3126
  C:78D0H         LINE#         3127
  -------         ENDPROC       _LCD_SHOWSTRING
  -------         PROC          _LCD_SHOWFONTHZ
  X:0335H         SYMBOL        x
  X:0337H         SYMBOL        y
  X:0339H         SYMBOL        cn
  -------         DO            
  D:0003H         SYMBOL        i
  D:0002H         SYMBOL        j
  X:033CH         SYMBOL        wordNum
  X:033DH         SYMBOL        color
  -------         ENDDO         
  C:6D9DH         LINE#         3140
  C:6DB4H         LINE#         3141
  C:6DB4H         LINE#         3144
  C:6DC7H         LINE#         3145
  C:6DC7H         LINE#         3146
  C:6DFDH         LINE#         3147
  C:6E0FH         LINE#         3148
  C:6E0FH         LINE#         3149
  C:6E50H         LINE#         3151
  C:6E50H         LINE#         3153
  C:6E51H         LINE#         3154
  C:6E51H         LINE#         3155
  C:6E78H         LINE#         3156
  C:6E7AH         LINE#         3157
  C:6E7AH         LINE#         3158
  C:6E81H         LINE#         3159
  C:6E81H         LINE#         3160
  C:6E84H         LINE#         3161
  C:6E86H         LINE#         3163
  C:6E86H         LINE#         3164
  C:6E8CH         LINE#         3165
  C:6E8CH         LINE#         3166
  C:6E99H         LINE#         3167
BL51 BANKED LINKER/LOCATER V6.22                                                      12/23/2021  11:15:20  PAGE 30


  C:6E9EH         LINE#         3168
  C:6EA3H         LINE#         3169
  C:6EA3H         LINE#         3170
  C:6EACH         LINE#         3171
  C:6EB6H         LINE#         3172
  C:6EC4H         LINE#         3173
  C:6EC7H         LINE#         3174
  -------         ENDPROC       _LCD_SHOWFONTHZ
  -------         PROC          _LCD_SHOWPICTURE
  X:0218H         SYMBOL        x
  X:021AH         SYMBOL        y
  X:021CH         SYMBOL        wide
  X:021EH         SYMBOL        high
  X:0220H         SYMBOL        pic
  -------         DO            
  X:0223H         SYMBOL        temp
  X:0225H         SYMBOL        tmp
  X:0229H         SYMBOL        num
  -------         ENDDO         
  C:6C70H         LINE#         3228
  C:6C84H         LINE#         3229
  C:6C84H         LINE#         3230
  C:6C8BH         LINE#         3231
  C:6C9DH         LINE#         3232
  C:6CE4H         LINE#         3233
  C:6D07H         LINE#         3235
  C:6D07H         LINE#         3236
  C:6D34H         LINE#         3237
  C:6D3DH         LINE#         3238
  C:6D57H         LINE#         3239
  C:6D5AH         LINE#         3240
  C:6D77H         LINE#         3241
  C:6D77H         LINE#         3242
  C:6D9CH         LINE#         3243
  -------         ENDPROC       _LCD_SHOWPICTURE
  -------         ENDMOD        TFTLCD

  -------         MODULE        TOUCH
  C:0000H         SYMBOL        _ICE_DUMMY_
  D:00A0H         PUBLIC        P2
  D:00B0H         PUBLIC        P3
  D:00A8H         PUBLIC        IE
  D:00B8H         PUBLIC        IP
  B:00A0H.0       PUBLIC        TOUCH_DOUT
  D:00D8H         PUBLIC        CCON
  X:02F0H         PUBLIC        xpt_xy
  C:8B28H         PUBLIC        TOUCH_SPI_Read
  D:0098H         PUBLIC        SCON
  D:0088H         PUBLIC        TCON
  C:62BFH         PUBLIC        _TOUCH_XPT_ReadData
  B:00A0H.1       PUBLIC        TOUCH_CLK
  C:8C90H         PUBLIC        _TOUCH_SPI_Write
  B:00A0H.2       PUBLIC        TOUCH_DIN
  C:8D6BH         PUBLIC        TOUCH_SPI_Start
  C:6733H         PUBLIC        TOUCH_Scan
  C:6FF1H         PUBLIC        TOUCH_XPT_ReadXY
  D:00D0H         PUBLIC        PSW
BL51 BANKED LINKER/LOCATER V6.22                                                      12/23/2021  11:15:20  PAGE 31


  B:00A0H.3       PUBLIC        TOUCH_CS
  -------         PROC          TOUCH_SPI_START
  C:8D6BH         LINE#         9
  C:8D6BH         LINE#         10
  C:8D6BH         LINE#         11
  C:8D6DH         LINE#         12
  C:8D6FH         LINE#         13
  C:8D71H         LINE#         14
  C:8D73H         LINE#         15
  C:8D75H         LINE#         16
  -------         ENDPROC       TOUCH_SPI_START
  -------         PROC          _TOUCH_SPI_WRITE
  D:0007H         SYMBOL        dat
  -------         DO            
  D:0006H         SYMBOL        i
  -------         ENDDO         
  C:8C90H         LINE#         18
  C:8C90H         LINE#         19
  C:8C90H         LINE#         21
  C:8C92H         LINE#         22
  C:8C94H         LINE#         23
  C:8C94H         LINE#         24
  C:8C9FH         LINE#         25
  C:8CA3H         LINE#         26
  C:8CA5H         LINE#         28
  C:8CA7H         LINE#         30
  C:8CACH         LINE#         31
  -------         ENDPROC       _TOUCH_SPI_WRITE
  -------         PROC          TOUCH_SPI_READ
  -------         DO            
  D:0004H         SYMBOL        i
  X:0398H         SYMBOL        dat
  -------         ENDDO         
  C:8B28H         LINE#         33
  C:8B28H         LINE#         34
  C:8B28H         LINE#         35
  C:8B2FH         LINE#         36
  C:8B31H         LINE#         37
  C:8B33H         LINE#         38
  C:8B33H         LINE#         39
  C:8B40H         LINE#         41
  C:8B42H         LINE#         42
  C:8B44H         LINE#         44
  C:8B4FH         LINE#         46
  C:8B5AH         LINE#         47
  C:8B62H         LINE#         48
  -------         ENDPROC       TOUCH_SPI_READ
  -------         PROC          L?0046
  -------         ENDPROC       L?0046
  -------         PROC          _TOUCH_XPT_READDATA
  D:0003H         SYMBOL        cmd
  -------         DO            
  X:0189H         SYMBOL        i
  X:018AH         SYMBOL        j
  X:018BH         SYMBOL        readValue
  X:019FH         SYMBOL        endValue
  -------         ENDDO         
BL51 BANKED LINKER/LOCATER V6.22                                                      12/23/2021  11:15:20  PAGE 32


  C:62BFH         LINE#         52
  C:62C1H         LINE#         53
  C:62C1H         LINE#         58
  C:62C3H         LINE#         59
  C:62C5H         LINE#         61
  C:62CAH         LINE#         62
  C:62CAH         LINE#         63
  C:62CFH         LINE#         65
  C:62DEH         LINE#         66
  C:62E0H         LINE#         67
  C:62E1H         LINE#         68
  C:62E2H         LINE#         69
  C:62E4H         LINE#         70
  C:62E5H         LINE#         71
  C:62E6H         LINE#         73
  C:62FDH         LINE#         74
  C:6309H         LINE#         75
  C:630BH         LINE#         79
  C:631DH         LINE#         80
  C:631DH         LINE#         81
  C:632EH         LINE#         82
  C:632EH         LINE#         83
  C:6359H         LINE#         84
  C:6359H         LINE#         85
  C:6373H         LINE#         86
  C:6399H         LINE#         87
  C:63B4H         LINE#         88
  C:63B4H         LINE#         89
  C:63BDH         LINE#         90
  C:63C6H         LINE#         95
  C:63D0H         LINE#         96
  C:63D6H         LINE#         97
  C:63D6H         LINE#         98
  C:640DH         LINE#         99
  C:6417H         LINE#         100
  C:6434H         LINE#         102
  C:643EH         LINE#         103
  -------         ENDPROC       _TOUCH_XPT_READDATA
  -------         PROC          TOUCH_XPT_READXY
  -------         DO            
  X:033FH         SYMBOL        x1
  X:0341H         SYMBOL        x2
  X:0343H         SYMBOL        x
  X:0345H         SYMBOL        y1
  D:0004H         SYMBOL        y2
  X:0347H         SYMBOL        y
  -------         ENDDO         
  C:6FF1H         LINE#         107
  C:6FF1H         LINE#         108
  C:6FF1H         LINE#         111
  C:6FF4H         LINE#         113
  C:6FFCH         LINE#         114
  C:7007H         LINE#         115
  C:700FH         LINE#         116
  C:7016H         LINE#         120
  C:702CH         LINE#         121
  C:702CH         LINE#         122
BL51 BANKED LINKER/LOCATER V6.22                                                      12/23/2021  11:15:20  PAGE 33


  C:7034H         LINE#         123
  C:7036H         LINE#         125
  C:7036H         LINE#         126
  C:7051H         LINE#         127
  C:7051H         LINE#         130
  C:705FH         LINE#         131
  C:705FH         LINE#         132
  C:7064H         LINE#         133
  C:7066H         LINE#         135
  C:7066H         LINE#         136
  C:7079H         LINE#         137
  C:7079H         LINE#         140
  C:7096H         LINE#         141
  C:7096H         LINE#         142
  C:7099H         LINE#         143
  C:7099H         LINE#         146
  C:70BAH         LINE#         147
  C:70D3H         LINE#         149
  C:70DAH         LINE#         150
  C:70E1H         LINE#         153
  C:70FFH         LINE#         154
  C:70FFH         LINE#         155
  C:7102H         LINE#         156
  C:7102H         LINE#         158
[...]
  -------         ENDPROC       _GUI_SHOW_NUM
  -------         PROC          _GUI_NUM2STR
  X:0353H         SYMBOL        str
  X:0356H         SYMBOL        num
  -------         DO            
  X:035AH         SYMBOL        t
  D:0007H         SYMBOL        temp
  X:035BH         SYMBOL        enrec
  -------         ENDDO         
  C:807BH         LINE#         672
  C:808AH         LINE#         673
  C:808AH         LINE#         675
  C:808FH         LINE#         676
  C:809DH         LINE#         677
  C:809DH         LINE#         678
  C:80CBH         LINE#         679
  C:80DAH         LINE#         680
  C:80DAH         LINE#         681
  C:80DFH         LINE#         682
  C:80E5H         LINE#         683
  C:80E5H         LINE#         684
  C:80F8H         LINE#         685
  C:8102H         LINE#         686
  C:810AH         LINE#         687
  C:8119H         LINE#         688
  C:8124H         LINE#         689
  -------         ENDPROC       _GUI_NUM2STR
  -------         PROC          _GUI_NUM2STREX
  X:001AH         SYMBOL        n
  X:001CH         SYMBOL        str
  -------         DO            
BL51 BANKED LINKER/LOCATER V6.22                                                      12/23/2021  11:15:20  PAGE 50


  D:0003H         SYMBOL        i
  X:001FH         SYMBOL        j
  X:0020H         SYMBOL        k
  X:0021H         SYMBOL        s
  -------         ENDDO         
  C:7CEFH         LINE#         694
  C:7D00H         LINE#         695
  C:7D00H         LINE#         696
  C:7D06H         LINE#         700
  C:7D06H         LINE#         701
  C:7D2EH         LINE#         702
  C:7D2EH         LINE#         703
  C:7D4FH         LINE#         704
  C:7D63H         LINE#         705
  C:7D9BH         LINE#         706
  -------         ENDPROC       _GUI_NUM2STREX
  -------         PROC          _GUI_SHOW_PTSTR
  X:0032H         SYMBOL        x
  X:0034H         SYMBOL        y
  X:0036H         SYMBOL        xend
  X:0038H         SYMBOL        yend
  X:003AH         SYMBOL        offset
  X:003CH         SYMBOL        color
  X:003EH         SYMBOL        size
  X:003FH         SYMBOL        str
  X:0042H         SYMBOL        mode
  -------         DO            
  X:0043H         SYMBOL        bHz
  X:0044H         SYMBOL        EnDisp
  -------         ENDDO         
  C:4B07H         LINE#         717
  C:4B1BH         LINE#         718
  C:4B1BH         LINE#         719
  C:4B20H         LINE#         720
  C:4B22H         LINE#         721
  C:4B36H         LINE#         722
  C:4B36H         LINE#         723
  C:4B3FH         LINE#         724
  C:4B3FH         LINE#         725
  C:4B4AH         LINE#         727
  C:4B4AH         LINE#         728
  C:4B50H         LINE#         729
  C:4B50H         LINE#         730
  C:4B67H         LINE#         731
  C:4B67H         LINE#         732
  C:4B74H         LINE#         733
  C:4B76H         LINE#         734
  C:4B76H         LINE#         735
  C:4B8DH         LINE#         736
  C:4B93H         LINE#         737
  C:4B93H         LINE#         738
  C:4B93H         LINE#         739
  C:4B9EH         LINE#         740
  C:4B9EH         LINE#         741
  C:4C06H         LINE#         742
  C:4C39H         LINE#         743
  C:4C41H         LINE#         744
BL51 BANKED LINKER/LOCATER V6.22                                                      12/23/2021  11:15:20  PAGE 51


  C:4C4CH         LINE#         745
  C:4C4CH         LINE#         746
  C:4C59H         LINE#         747
  C:4C60H         LINE#         748
  C:4C60H         LINE#         749
  C:4C60H         LINE#         750
  C:4C78H         LINE#         751
  C:4C7FH         LINE#         752
  C:4C7FH         LINE#         753
  C:4C82H         LINE#         754
  C:4C82H         LINE#         755
  C:4C87H         LINE#         756
  C:4C8BH         LINE#         757
  C:4C8BH         LINE#         758
  C:4CA0H         LINE#         759
  C:4CA0H         LINE#         760
  C:4CADH         LINE#         761
  C:4CAFH         LINE#         762
  C:4CAFH         LINE#         763
  C:4CC6H         LINE#         764
  C:4CCCH         LINE#         765
  C:4CCCH         LINE#         766
  C:4CCCH         LINE#         767
  C:4CD2H         LINE#         768
  C:4CD2H         LINE#         770
  C:4D03H         LINE#         771
  C:4D0BH         LINE#         772
  C:4D16H         LINE#         773
  C:4D16H         LINE#         774
  C:4D23H         LINE#         775
  C:4D2AH         LINE#         776
  C:4D2AH         LINE#         777
  C:4D2AH         LINE#         778
  C:4D3FH         LINE#         779
  C:4D49H         LINE#         780
  C:4D49H         LINE#         781
  C:4D4CH         LINE#         782
  -------         ENDPROC       _GUI_SHOW_PTSTR
  -------         PROC          _GUI_SHOW_PTSTRWHITERIM
  X:0266H         SYMBOL        x
  X:0268H         SYMBOL        y
  X:026AH         SYMBOL        xend
  X:026CH         SYMBOL        yend
  X:026EH         SYMBOL        offset
  X:0270H         SYMBOL        color
  X:0272H         SYMBOL        rimcolor
  X:0274H         SYMBOL        size
  X:0275H         SYMBOL        str
  C:7A85H         LINE#         792
  C:7A99H         LINE#         793
  C:7A99H         LINE#         794
  C:7AF0H         LINE#         795
  -------         ENDPROC       _GUI_SHOW_PTSTRWHITERIM
  -------         PROC          _GUI_GET_STRINGLINE
  X:030AH         SYMBOL        str
  X:030DH         SYMBOL        linelenth
  X:030FH         SYMBOL        font
BL51 BANKED LINKER/LOCATER V6.22                                                      12/23/2021  11:15:20  PAGE 52


  -------         DO            
  X:0310H         SYMBOL        xpos
  X:0312H         SYMBOL        lincnt
  -------         ENDDO         
  C:643FH         LINE#         803
  C:6452H         LINE#         804
  C:6452H         LINE#         805
  C:6459H         LINE#         806
  C:6461H         LINE#         807
  C:6477H         LINE#         808
  C:64A7H         LINE#         809
  C:64A7H         LINE#         810
  C:64C7H         LINE#         811
  C:64C7H         LINE#         812
  C:64D6H         LINE#         813
  C:64DDH         LINE#         814
  C:64FCH         LINE#         815
  C:6503H         LINE#         816
  C:6519H         LINE#         817
  C:6519H         LINE#         818
  C:652CH         LINE#         819
  C:6536H         LINE#         820
  C:654EH         LINE#         821
  C:654EH         LINE#         822
  C:654EH         LINE#         823
  C:654EH         LINE#         824
  C:654EH         LINE#         825
  C:6550H         LINE#         826
  C:6550H         LINE#         827
  C:6565H         LINE#         828
  C:656FH         LINE#         829
  C:6587H         LINE#         830
  C:6587H         LINE#         831
  C:658CH         LINE#         832
  C:65A9H         LINE#         833
  C:65A9H         LINE#         834
  C:65A9H         LINE#         835
  C:65ACH         LINE#         836
  C:65BAH         LINE#         837
  -------         ENDPROC       _GUI_GET_STRINGLINE
  -------         PROC          _GUI_SHOW_STRING
  X:0202H         SYMBOL        str
  X:0205H         SYMBOL        x
  X:0207H         SYMBOL        y
  X:0209H         SYMBOL        width
  X:020BH         SYMBOL        height
  X:020DH         SYMBOL        font
  X:020EH         SYMBOL        fcolor
  -------         DO            
  X:0210H         SYMBOL        xpos
  X:0212H         SYMBOL        ypos
  X:0214H         SYMBOL        endx
  X:0216H         SYMBOL        endy
  -------         ENDDO         
  C:4D4DH         LINE#         844
  C:4D5EH         LINE#         845
  C:4D5EH         LINE#         846
BL51 BANKED LINKER/LOCATER V6.22                                                      12/23/2021  11:15:20  PAGE 53


  C:4D6EH         LINE#         847
  C:4D7EH         LINE#         848
  C:4D98H         LINE#         849
  C:4DB2H         LINE#         850
  C:4DCAH         LINE#         851
  C:4DDDH         LINE#         852
  C:4DDDH         LINE#         853
  C:4DF1H         LINE#         854
  C:4DF1H         LINE#         855
  C:4E00H         LINE#         856
  C:4E07H         LINE#         857
  C:4E16H         LINE#         858
  C:4E28H         LINE#         859
  C:4E3CH         LINE#         860
  C:4E3CH         LINE#         861
  C:4E64H         LINE#         862
  C:4E64H         LINE#         863
  C:4E73H         LINE#         864
  C:4E7FH         LINE#         865
  C:4E7FH         LINE#         867
  C:4E91H         LINE#         868
  C:4E98H         LINE#         870
  C:4E9BH         LINE#         871
  C:4E9BH         LINE#         872
  C:4EC5H         LINE#         873
  C:4EC5H         LINE#         874
  C:4ED4H         LINE#         875
  C:4EE1H         LINE#         876
  C:4EE1H         LINE#         877
  C:4F3BH         LINE#         878
  C:4F4FH         LINE#         879
  C:4F59H         LINE#         880
  C:4F59H         LINE#         881
  C:4F72H         LINE#         883
  -------         ENDPROC       _GUI_SHOW_STRING
  -------         PROC          _GUI_SHOW_STRINGEX
  X:01EBH         SYMBOL        x
  X:01EDH         SYMBOL        y
  D:0002H         SYMBOL        width
  X:01F1H         SYMBOL        height
  X:01F3H         SYMBOL        fcolor
  X:01F5H         SYMBOL        font
  X:01F6H         SYMBOL        str
  X:01F9H         SYMBOL        mode
  -------         DO            
  X:01FAH         SYMBOL        xpos
  X:01FCH         SYMBOL        ypos
  X:01FEH         SYMBOL        endx
  X:0200H         SYMBOL        endy
  -------         ENDDO         
  C:4F73H         LINE#         891
  C:4F81H         LINE#         892
  C:4F81H         LINE#         893
  C:4F91H         LINE#         894
  C:4FA0H         LINE#         895
  C:4FB0H         LINE#         896
  C:4FD0H         LINE#         897
BL51 BANKED LINKER/LOCATER V6.22                                                      12/23/2021  11:15:20  PAGE 54


  C:4FE2H         LINE#         898
  C:4FF5H         LINE#         899
  C:4FF5H         LINE#         900
  C:5009H         LINE#         901
  C:5009H         LINE#         902
  C:5018H         LINE#         903
  C:501FH         LINE#         904
  C:502EH         LINE#         905
  C:5040H         LINE#         906
  C:5054H         LINE#         907
  C:5054H         LINE#         908
  C:507CH         LINE#         909
  C:507CH         LINE#         910
  C:508BH         LINE#         911
  C:5097H         LINE#         912
  C:5097H         LINE#         914
  C:50A9H         LINE#         915
  C:50B0H         LINE#         917
  C:50B3H         LINE#         918
  C:50B3H         LINE#         919
  C:50DDH         LINE#         920
  C:50DDH         LINE#         921
  C:50ECH         LINE#         922
  C:50F9H         LINE#         923
  C:50F9H         LINE#         924
  C:5157H         LINE#         925
  C:516BH         LINE#         926
  C:5175H         LINE#         927
  C:5175H         LINE#         928
  C:518EH         LINE#         930
  -------         ENDPROC       _GUI_SHOW_STRINGEX
  -------         ENDMOD        GUI

  -------         MODULE        ?C?FPMUL
  C:1C19H         PUBLIC        ?C?FPMUL
  -------         ENDMOD        ?C?FPMUL

  -------         MODULE        ?C?FPCMP
  C:1D21H         PUBLIC        ?C?FPCMP
  C:1D1FH         PUBLIC        ?C?FPCMP3
  -------         ENDMOD        ?C?FPCMP

  -------         MODULE        ?C?FCAST
  C:1D96H         PUBLIC        ?C?FCASTC
  C:1D91H         PUBLIC        ?C?FCASTI
  C:1D8CH         PUBLIC        ?C?FCASTL
  -------         ENDMOD        ?C?FCAST

  -------         MODULE        ?C?CASTF
  C:1DCAH         PUBLIC        ?C?CASTF
  -------         ENDMOD        ?C?CASTF

  -------         MODULE        PRINTF
  X:000FH         PUBLIC        ?_PRINTF?BYTE
  X:000FH         PUBLIC        ?_SPRINTF?BYTE
  C:2C70H         PUBLIC        _PRINTF
  C:2C6AH         PUBLIC        _SPRINTF
BL51 BANKED LINKER/LOCATER V6.22                                                      12/23/2021  11:15:20  PAGE 55


  -------         ENDMOD        PRINTF

  -------         MODULE        ?C?FPROUND
  C:1E4BH         PUBLIC        ?C?FPROUND
  -------         ENDMOD        ?C?FPROUND

  -------         MODULE        ?C?FPCONVERT
  C:1E88H         PUBLIC        ?C?FPCONVERT
  -------         ENDMOD        ?C?FPCONVERT

  -------         MODULE        ?C?FPADD
  C:1F94H         PUBLIC        ?C?FPADD
  C:1F90H         PUBLIC        ?C?FPSUB
  -------         ENDMOD        ?C?FPADD

  -------         MODULE        ?C?FPDIV
  C:2088H         PUBLIC        ?C?FPDIV
  -------         ENDMOD        ?C?FPDIV

  -------         MODULE        ?C?FTNPWR
  C:2155H         PUBLIC        ?C?FTNPWR
  -------         ENDMOD        ?C?FTNPWR

  -------         MODULE        ?C?CLDPTR
  C:2195H         PUBLIC        ?C?CLDPTR
  -------         ENDMOD        ?C?CLDPTR

  -------         MODULE        ?C?CLDOPTR
  C:21AEH         PUBLIC        ?C?CLDOPTR
  -------         ENDMOD        ?C?CLDOPTR

  -------         MODULE        ?C?CSTPTR
  C:21DBH         PUBLIC        ?C?CSTPTR
  -------         ENDMOD        ?C?CSTPTR

  -------         MODULE        ?C?CSTOPTR
  C:21EDH         PUBLIC        ?C?CSTOPTR
  -------         ENDMOD        ?C?CSTOPTR

  -------         MODULE        ?C?IMUL
  C:220FH         PUBLIC        ?C?IMUL
  -------         ENDMOD        ?C?IMUL

  -------         MODULE        ?C?UIDIV
  C:2221H         PUBLIC        ?C?UIDIV
  -------         ENDMOD        ?C?UIDIV

  -------         MODULE        ?C?SIDIV
  C:2276H         PUBLIC        ?C?SIDIV
  -------         ENDMOD        ?C?SIDIV

  -------         MODULE        ?C?IILDX
  C:22ACH         PUBLIC        ?C?IILDX
  -------         ENDMOD        ?C?IILDX

  -------         MODULE        ?C?ILDIX
  C:22C2H         PUBLIC        ?C?ILDIX
BL51 BANKED LINKER/LOCATER V6.22                                                      12/23/2021  11:15:20  PAGE 56


  -------         ENDMOD        ?C?ILDIX

  -------         MODULE        ?C?ILDOPTR
  C:22D8H         PUBLIC        ?C?ILDOPTR
  -------         ENDMOD        ?C?ILDOPTR

  -------         MODULE        ?C?ISTOPTR
  C:2310H         PUBLIC        ?C?ISTOPTR
  -------         ENDMOD        ?C?ISTOPTR

  -------         MODULE        ?C?LMUL
  C:233DH         PUBLIC        ?C?LMUL
  -------         ENDMOD        ?C?LMUL

  -------         MODULE        ?C?ULDIV
  C:23C8H         PUBLIC        ?C?ULDIV
  -------         ENDMOD        ?C?ULDIV

  -------         MODULE        ?C?SLDIV
  C:8A2CH         PUBLIC        ?C?SLDIV
  -------         ENDMOD        ?C?SLDIV

  -------         MODULE        ?C?LNEG
  C:245AH         PUBLIC        ?C?LNEG
  -------         ENDMOD        ?C?LNEG

  -------         MODULE        ?C?SLCMP
  C:2468H         PUBLIC        ?C?SLCMP
  -------         ENDMOD        ?C?SLCMP

  -------         MODULE        ?C?ULCMP
  C:247EH         PUBLIC        ?C?ULCMP
  -------         ENDMOD        ?C?ULCMP

  -------         MODULE        ?C?ULSHR
  C:248FH         PUBLIC        ?C?ULSHR
  -------         ENDMOD        ?C?ULSHR

  -------         MODULE        ?C?LSTXDATA
  C:24A2H         PUBLIC        ?C?LSTXDATA
  -------         ENDMOD        ?C?LSTXDATA

  -------         MODULE        ?C?LSTKXDATA
  C:24AEH         PUBLIC        ?C?LSTKXDATA
  -------         ENDMOD        ?C?LSTKXDATA

  -------         MODULE        ?C?PLDIXDATA
  C:24DFH         PUBLIC        ?C?PLDIXDATA
  -------         ENDMOD        ?C?PLDIXDATA

  -------         MODULE        ?C?PSTXDATA
  C:24F6H         PUBLIC        ?C?PSTXDATA
  -------         ENDMOD        ?C?PSTXDATA

  -------         MODULE        ?C?CCASE
  C:24FFH         PUBLIC        ?C?CCASE
  -------         ENDMOD        ?C?CCASE
BL51 BANKED LINKER/LOCATER V6.22                                                      12/23/2021  11:15:20  PAGE 57



  -------         MODULE        ?C?LIMUL
  C:2525H         PUBLIC        ?C?LIMUL
  -------         ENDMOD        ?C?LIMUL

  -------         MODULE        PUTCHAR
  C:8BC9H         PUBLIC        _PUTCHAR
  -------         ENDMOD        PUTCHAR

  -------         MODULE        STRLEN
  C:8CF9H         PUBLIC        _STRLEN
  -------         ENDMOD        STRLEN

*** WARNING L16: UNCALLED SEGMENT, IGNORED FOR OVERLAY PROCESS
    SEGMENT: ?PR?_EDIT_SHOWNUM?MAIN

*** WARNING L16: UNCALLED SEGMENT, IGNORED FOR OVERLAY PROCESS
    SEGMENT: ?PR?_UART_CMD?UART

*** WARNING L16: UNCALLED SEGMENT, IGNORED FOR OVERLAY PROCESS
    SEGMENT: ?PR?_UART_SENDSTRING?UART

*** WARNING L16: UNCALLED SEGMENT, IGNORED FOR OVERLAY PROCESS
    SEGMENT: ?PR?_DELAY?TFTLCD

*** WARNING L16: UNCALLED SEGMENT, IGNORED FOR OVERLAY PROCESS
    SEGMENT: ?PR?_LCD_COLOR_FILL?TFTLCD

*** WARNING L16: UNCALLED SEGMENT, IGNORED FOR OVERLAY PROCESS
    SEGMENT: ?PR?_LCD_DRAWBIGPOINT?TFTLCD

*** WARNING L16: UNCALLED SEGMENT, IGNORED FOR OVERLAY PROCESS
    SEGMENT: ?PR?_LCD_DRAWLINE_COLOR?TFTLCD

*** WARNING L16: UNCALLED SEGMENT, IGNORED FOR OVERLAY PROCESS
    SEGMENT: ?PR?_LCD_DROWSIGN?TFTLCD

*** WARNING L16: UNCALLED SEGMENT, IGNORED FOR OVERLAY PROCESS
    SEGMENT: ?PR?_LCD_DRAWRECTANGLE?TFTLCD

*** WARNING L16: UNCALLED SEGMENT, IGNORED FOR OVERLAY PROCESS
    SEGMENT: ?PR?_LCD_DRAW_CIRCLE?TFTLCD

*** WARNING L16: UNCALLED SEGMENT, IGNORED FOR OVERLAY PROCESS
    SEGMENT: ?PR?_LCD_SHOWNUM?TFTLCD

*** WARNING L16: UNCALLED SEGMENT, IGNORED FOR OVERLAY PROCESS
    SEGMENT: ?PR?_LCD_SHOWXNUM?TFTLCD

*** WARNING L16: UNCALLED SEGMENT, IGNORED FOR OVERLAY PROCESS
    SEGMENT: ?PR?_LCD_SHOWFONTHZ?TFTLCD

*** WARNING L16: UNCALLED SEGMENT, IGNORED FOR OVERLAY PROCESS
    SEGMENT: ?PR?_LCD_SHOWPICTURE?TFTLCD

*** WARNING L16: UNCALLED SEGMENT, IGNORED FOR OVERLAY PROCESS
    SEGMENT: ?PR?TOUCH_SCAN?TOUCH
BL51 BANKED LINKER/LOCATER V6.22                                                      12/23/2021  11:15:20  PAGE 58



*** WARNING L16: UNCALLED SEGMENT, IGNORED FOR OVERLAY PROCESS
    SEGMENT: ?PR?_GUI_COLOR_CHG?GUI

*** WARNING L16: UNCALLED SEGMENT, IGNORED FOR OVERLAY PROCESS
    SEGMENT: ?PR?_GUI_RGB332TORGB565?GUI

*** WARNING L16: UNCALLED SEGMENT, IGNORED FOR OVERLAY PROCESS
    SEGMENT: ?PR?_GUI_DISABS?GUI

*** WARNING L16: UNCALLED SEGMENT, IGNORED FOR OVERLAY PROCESS
    SEGMENT: ?PR?_GUI_DRAW_POINT?GUI

*** WARNING L16: UNCALLED SEGMENT, IGNORED FOR OVERLAY PROCESS
    SEGMENT: ?PR?_GUI_ALPHABLEND_AREA?GUI

*** WARNING L16: UNCALLED SEGMENT, IGNORED FOR OVERLAY PROCESS
    SEGMENT: ?PR?_GUI_DRAW_BLINE?GUI

*** WARNING L16: UNCALLED SEGMENT, IGNORED FOR OVERLAY PROCESS
    SEGMENT: ?PR?_GUI_FILL_COLORBLOCK?GUI

*** WARNING L16: UNCALLED SEGMENT, IGNORED FOR OVERLAY PROCESS
    SEGMENT: ?PR?_GUI_DRAW_SMOOTH_RECTANGLE?GUI

*** WARNING L16: UNCALLED SEGMENT, IGNORED FOR OVERLAY PROCESS
    SEGMENT: ?PR?_GUI_DRAW_RECTANGLE?GUI

*** WARNING L16: UNCALLED SEGMENT, IGNORED FOR OVERLAY PROCESS
    SEGMENT: ?PR?_GUI_DRAW_ARCRECTANGLE?GUI

*** WARNING L16: UNCALLED SEGMENT, IGNORED FOR OVERLAY PROCESS
    SEGMENT: ?PR?_GUI_DRAW_ELLIPSE?GUI

*** WARNING L16: UNCALLED SEGMENT, IGNORED FOR OVERLAY PROCESS
    SEGMENT: ?PR?_GUI_FILL_ELLIPSE?GUI

*** WARNING L16: UNCALLED SEGMENT, IGNORED FOR OVERLAY PROCESS
    SEGMENT: ?PR?_GUI_NUM2STR?GUI

*** WARNING L16: UNCALLED SEGMENT, IGNORED FOR OVERLAY PROCESS
    SEGMENT: ?PR?_GUI_SHOW_PTSTRWHITERIM?GUI

*** WARNING L16: UNCALLED SEGMENT, IGNORED FOR OVERLAY PROCESS
    SEGMENT: ?PR?_GUI_GET_STRINGLINE?GUI

*** WARNING L16: UNCALLED SEGMENT, IGNORED FOR OVERLAY PROCESS
    SEGMENT: ?PR?_GUI_SHOW_STRING?GUI

*** WARNING L16: UNCALLED SEGMENT, IGNORED FOR OVERLAY PROCESS
    SEGMENT: ?PR?_GUI_SHOW_STRINGEX?GUI

Program Size: data=15.1 xdata=922 code=36226
LINK/LOCATE RUN COMPLETE.  32 WARNING(S),  0 ERROR(S)
